Microchip MPLAB XC8 Compiler V1.33 ()

Linker command line:

--edf=C:\Program Files (x86)\Microchip\xc8\v1.33\dat\en_msgs.txt -cs \
  -h+GereRatificar_CPE3201.sym --cmf=GereRatificar_CPE3201.cmf -z -Q16F877A \
  -oC:\Users\notjo\AppData\Local\Temp\si48.6 -MGereRatificar_CPE3201.map \
  -E1 -ver=XC8 -ASTACK=0110h-016fh -pstack=STACK -ACONST=00h-0FFhx32 \
  -ACODE=00h-07FFhx4 -ASTRCODE=00h-01FFFh -AENTRY=00h-0FFhx32 \
  -ASTRING=00h-0FFhx32 -ACOMMON=070h-07Fh -ABANK0=020h-06Fh \
  -ABANK1=0A0h-0EFh -ABANK2=0110h-016Fh -ABANK3=0190h-01EFh \
  -ARAM=020h-06Fh,0A0h-0EFh,0110h-016Fh,0190h-01EFh \
  -AABS1=020h-07Fh,0A0h-0EFh,0110h-016Fh,0190h-01EFh -ASFR0=00h-01Fh \
  -ASFR1=080h-09Fh -ASFR2=0100h-010Fh -ASFR3=0180h-018Fh \
  -preset_vec=00h,intentry=04h,init,end_init -ppowerup=CODE -pcinit=CODE \
  -pfunctab=CODE -ACONFIG=02007h-02007h -pconfig=CONFIG -DCONFIG=2 \
  -AIDLOC=02000h-02003h -pidloc=IDLOC -DIDLOC=2 -AEEDATA=00h-0FFh/02100h \
  -peeprom_data=EEDATA -DEEDATA=2 -DCODE=2 -DSTRCODE=2 -DSTRING=2 -DCONST=2 \
  -DENTRY=2 -k startup.obj GereRatificar_CPE3201.obj 

Object code version is 3.11

Machine type is 16F877A



                Name                               Link     Load   Length Selector   Space Scale
startup.obj     end_init                             12       12        3        8       0
                reset_vec                             0        0        3        0       0
                config                             2007     2007        1     400E       0
GereRatificar_CPE3201.obj
                cinit                                15       15       16        8       0
                intentry                              4        4        E        8       0
                text6                               1FE      1FE       14        8       0
                text5                               212      212       13        8       0
                text4                               1DD      1DD       21        8       0
                text3                               16E      16E       49        8       0
                text2                               247      247       11        8       0
                text1                               236      236       11        8       0
                maintext                             2B       2B      143        8       0
                cstackBANK0                          46       46        9       20       1
                cstackCOMMON                         76       76        4       70       1
                inittext                            225      225       11        8       0
                dataBANK0                            20       20       26       20       1
                bssCOMMON                            70       70        6       70       1
                idataBANK0                          1B7      1B7       26        8       0

TOTAL           Name                               Link     Load   Length     Space
        CLASS   STACK          

        CLASS   CONST          

        CLASS   CODE           
                end_init                             12       12        3         0
                cinit                                15       15       16         0
                intentry                              4        4        E         0
                reset_vec                             0        0        3         0
                text6                               1FE      1FE       14         0
                text5                               212      212       13         0
                text4                               1DD      1DD       21         0
                text3                               16E      16E       49         0
                text2                               247      247       11         0
                text1                               236      236       11         0
                maintext                             2B       2B      143         0
                inittext                            225      225       11         0
                idataBANK0                          1B7      1B7       26         0

        CLASS   STRCODE        

        CLASS   ENTRY          

        CLASS   STRING         

        CLASS   COMMON         
                cstackCOMMON                         76       76        4         1
                bssCOMMON                            70       70        6         1

        CLASS   BANK0          
                cstackBANK0                          46       46        9         1
                dataBANK0                            20       20       26         1

        CLASS   BANK1          

        CLASS   BANK2          

        CLASS   BANK3          

        CLASS   RAM            

        CLASS   ABS1           
                abs_s1                               7E       7E        2         1

        CLASS   SFR0           

        CLASS   SFR1           

        CLASS   SFR2           

        CLASS   SFR3           

        CLASS   CONFIG         
                config                             2007     2007        1         0

        CLASS   IDLOC          

        CLASS   EEDATA         



SEGMENTS        Name                           Load    Length   Top    Selector   Space  Class     Delta

                reset_vec                      000000  000003  000003         0       0  CODE        2
                intentry                       000004  000254  000258         8       0  CODE        2
                dataBANK0                      000020  00002F  00004F        20       1  BANK0       1
                bssCOMMON                      000070  00000A  00007A        70       1  COMMON      1
                config                         002007  000001  002008      400E       0  CONFIG      2


UNUSED ADDRESS RANGES

        Name                Unused          Largest block    Delta
        BANK0            004F-006F             21           1
        BANK1            00A0-00EF             50           1
        BANK2            0110-016F             60           1
        BANK3            0190-01EF             60           1
        CODE             0003-0003              1           2
                         0258-1FFF            800
        COMMON           007A-007D              4           1
        CONST            0003-0003              1           2
                         0258-1FFF            100
        EEDATA           2100-21FF            100           2
        ENTRY            0003-0003              1           2
                         0258-1FFF            100
        IDLOC            2000-2003              4           2
        RAM              004F-006F             21           1
                         00A0-00EF             50
                         0110-016F             60
                         0190-01EF             60
        SFR0             0000-001F             20           1
        SFR1             0080-009F             20           1
        SFR2             0100-010F             10           1
        SFR3             0180-018F             10           1
        STACK            0110-016F             60           1
        STRCODE          0003-0003              1           2
                         0258-1FFF           1DA8
        STRING           0003-0003              1           2
                         0258-1FFF            100

                                  Symbol Table

_CCP1CON                 (abs)        0017
_CCPR1L                  (abs)        0015
_GIE                     (abs)        005F
_INTE                    (abs)        005C
_ISR                     text6        01FE
_OPTION_REG              (abs)        0081
_PEIE                    (abs)        005E
_PORTB                   (abs)        0006
_PR2                     (abs)        0092
_PR2Values               dataBANK0    003E
_RC2                     (abs)        003A
_RD0                     (abs)        0040
_RD1                     (abs)        0041
_T2CON                   (abs)        0012
_TMR0IE                  (abs)        005D
_TMR0IF                  (abs)        005A
_TRISB                   (abs)        0086
_TRISC                   (abs)        0087
_TRISD                   (abs)        0088
__CFG_BOREN$ON           (abs)        0000
__CFG_CP$OFF             (abs)        0000
__CFG_CPD$OFF            (abs)        0000
__CFG_FOSC$XT            (abs)        0000
__CFG_LVP$OFF            (abs)        0000
__CFG_PWRTE$ON           (abs)        0000
__CFG_WDTE$OFF           (abs)        0000
__CFG_WRT$OFF            (abs)        0000
__Habs1                  abs1         0000
__Hbank0                 bank0        0000
__Hbank1                 bank1        0000
__Hbank2                 bank2        0000
__Hbank3                 bank3        0000
__HbssCOMMON             bssCOMMON    0000
__Hcinit                 cinit        002B
__Hclrtext               clrtext      0000
__Hcode                  code         0000
__Hcommon                common       0000
__Hconfig                config       2008
__HcstackBANK0           cstackBANK0  0000
__HcstackCOMMON          cstackCOMMON 0000
__HdataBANK0             dataBANK0    0000
__Heeprom_data           eeprom_data  0000
__Hend_init              end_init     0015
__Hfunctab               functab      0000
__HidataBANK0            idataBANK0   0000
__Hidloc                 idloc        0000
__Hinit                  init         0012
__Hinittext              inittext     0000
__Hintentry              intentry     0012
__Hmaintext              maintext     0000
__Hpowerup               powerup      0000
__Hram                   ram          0000
__Hreset_vec             reset_vec    0003
__Hsfr0                  sfr0         0000
__Hsfr1                  sfr1         0000
__Hsfr2                  sfr2         0000
__Hsfr3                  sfr3         0000
__Hspace_0               (abs)        2008
__Hspace_1               (abs)        007A
__Hspace_2               (abs)        0000
__Hspace_3               (abs)        0000
__Hstack                 stack        0000
__Hstrings               strings      0000
__Htext                  text         0000
__Labs1                  abs1         0000
__Lbank0                 bank0        0000
__Lbank1                 bank1        0000
__Lbank2                 bank2        0000
__Lbank3                 bank3        0000
__LbssCOMMON             bssCOMMON    0000
__Lcinit                 cinit        0015
__Lclrtext               clrtext      0000
__Lcode                  code         0000
__Lcommon                common       0000
__Lconfig                config       2007
__LcstackBANK0           cstackBANK0  0000
__LcstackCOMMON          cstackCOMMON 0000
__LdataBANK0             dataBANK0    0000
__Leeprom_data           eeprom_data  0000
__Lend_init              end_init     0012
__Lfunctab               functab      0000
__LidataBANK0            idataBANK0   0000
__Lidloc                 idloc        0000
__Linit                  init         0012
__Linittext              inittext     0000
__Lintentry              intentry     0004
__Lmaintext              maintext     0000
__Lpowerup               powerup      0000
__Lram                   ram          0000
__Lreset_vec             reset_vec    0000
__Lsfr0                  sfr0         0000
__Lsfr1                  sfr1         0000
__Lsfr2                  sfr2         0000
__Lsfr3                  sfr3         0000
__Lspace_0               (abs)        0000
__Lspace_1               (abs)        0000
__Lspace_2               (abs)        0000
__Lspace_3               (abs)        0000
__Lstack                 stack        0000
__Lstrings               strings      0000
__Ltext                  text         0000
__S0                     (abs)        2008
__S1                     (abs)        007A
__S2                     (abs)        0000
__S3                     (abs)        0000
___bmul                  text5        0212
___bmul@multiplicand     cstackBANK0  0046
___bmul@multiplier       cstackBANK0  0049
___bmul@product          cstackBANK0  0048
___int_sp                stack        0000
___latbits               (abs)        0002
___sp                    stack        0000
__end_of_ISR             text6        0212
__end_of___bmul          text5        0225
__end_of__initialization cinit        0027
__end_of_delay           text4        01FE
__end_of_displayMode     text3        01B7
__end_of_incDutyCycle    text2        0258
__end_of_incFrequency    text1        0247
__end_of_main            maintext     016E
__initialization         cinit        0015
__pbssCOMMON             bssCOMMON    0070
__pcstackBANK0           cstackBANK0  0046
__pcstackCOMMON          cstackCOMMON 0076
__pdataBANK0             dataBANK0    0020
__pidataBANK0            idataBANK0   01B7
__pintentry              intentry     0004
__pmaintext              maintext     002B
__ptext1                 text1        0236
__ptext2                 text2        0247
__ptext3                 text3        016E
__ptext4                 text4        01DD
__ptext5                 text5        0212
__ptext6                 text6        01FE
__size_of_ISR            (abs)        0000
__size_of___bmul         (abs)        0000
__size_of_delay          (abs)        0000
__size_of_displayMode    (abs)        0000
__size_of_incDutyCycle   (abs)        0000
__size_of_incFrequency   (abs)        0000
__size_of_main           (abs)        0000
_count_flag              bssCOMMON    0070
_delay                   text4        01DD
_displayMode             text3        016E
_dutyCycleIndex          bssCOMMON    0072
_flag                    dataBANK0    0044
_frequencyIndex          bssCOMMON    0074
_incDutyCycle            text2        0247
_incFrequency            text1        0236
_main                    maintext     002B
_timerMaxCount           dataBANK0    0020
btemp                    (abs)        007E
delay@localClock         cstackBANK0  0046
displayMode@temp         cstackBANK0  0046
displayMode@temp2        cstackBANK0  0048
end_of_initialization    cinit        0027
init_fetch0              inittext     0225
init_ram0                inittext     0229
interrupt_function       intentry     0004
intlevel0                functab      0000
intlevel1                functab      0000
intlevel2                functab      0000
intlevel3                functab      0000
intlevel4                functab      0000
intlevel5                functab      0000
ltemp                    (abs)        007E
ltemp0                   (abs)        007E
ltemp1                   (abs)        0082
ltemp2                   (abs)        0086
ltemp3                   (abs)        0080
reset_vec                reset_vec    0000
saved_w                  (abs)        007E
stackhi                  (abs)        0000
stacklo                  (abs)        0000
start                    init         0012
start_initialization     cinit        0015
ttemp                    (abs)        007E
ttemp0                   (abs)        007E
ttemp1                   (abs)        0081
ttemp2                   (abs)        0084
ttemp3                   (abs)        0087
ttemp4                   (abs)        007F
wtemp                    (abs)        007E
wtemp0                   (abs)        007E
wtemp1                   (abs)        0080
wtemp2                   (abs)        0082
wtemp3                   (abs)        0084
wtemp4                   (abs)        0086
wtemp5                   (abs)        0088
wtemp6                   (abs)        007F


FUNCTION INFORMATION:

 *************** function _main *****************
 Defined at:
		line 71 in file "C:\Users\notjo\OneDrive\Desktop\USC\USC-Year3-Sem2\3201-EmbeddedSystems\Labs\LE_04\LE4-7\LE4-7.c"
 Parameters:    Size  Location     Type
		None
 Auto vars:     Size  Location     Type
		None
 Return value:  Size  Location     Type
		None               void
 Registers used:
		wreg, fsr0l, fsr0h, status,2, status,0, btemp+1, pclath, cstack
 Tracked objects:
		On entry : 
		On exit  : 
		Unchanged: 
 Data sizes:     COMMON   BANK0   BANK1   BANK3   BANK2
      Params:         0       0       0       0       0
      Locals:         0       0       0       0       0
      Temps:          0       5       0       0       0
      Totals:         0       5       0       0       0
Total ram usage:        5 bytes
 Hardware stack levels required when called:    2
 This function calls:
		___bmul
		_delay
		_displayMode
		_incDutyCycle
		_incFrequency
 This function is called by:
		Startup code after reset
 This function uses a non-reentrant model


 *************** function _incFrequency *****************
 Defined at:
		line 191 in file "C:\Users\notjo\OneDrive\Desktop\USC\USC-Year3-Sem2\3201-EmbeddedSystems\Labs\LE_04\LE4-7\LE4-7.c"
 Parameters:    Size  Location     Type
		None
 Auto vars:     Size  Location     Type
		None
 Return value:  Size  Location     Type
		None               void
 Registers used:
		wreg, status,2
 Tracked objects:
		On entry : 
		On exit  : 
		Unchanged: 
 Data sizes:     COMMON   BANK0   BANK1   BANK3   BANK2
      Params:         0       0       0       0       0
      Locals:         0       0       0       0       0
      Temps:          0       0       0       0       0
      Totals:         0       0       0       0       0
Total ram usage:        0 bytes
 Hardware stack levels used:    1
 Hardware stack levels required when called:    1
 This function calls:
		Nothing
 This function is called by:
		_main
 This function uses a non-reentrant model


 *************** function _incDutyCycle *****************
 Defined at:
		line 183 in file "C:\Users\notjo\OneDrive\Desktop\USC\USC-Year3-Sem2\3201-EmbeddedSystems\Labs\LE_04\LE4-7\LE4-7.c"
 Parameters:    Size  Location     Type
		None
 Auto vars:     Size  Location     Type
		None
 Return value:  Size  Location     Type
		None               void
 Registers used:
		wreg, status,2
 Tracked objects:
		On entry : 
		On exit  : 
		Unchanged: 
 Data sizes:     COMMON   BANK0   BANK1   BANK3   BANK2
      Params:         0       0       0       0       0
      Locals:         0       0       0       0       0
      Temps:          0       0       0       0       0
      Totals:         0       0       0       0       0
Total ram usage:        0 bytes
 Hardware stack levels used:    1
 Hardware stack levels required when called:    1
 This function calls:
		Nothing
 This function is called by:
		_main
 This function uses a non-reentrant model


 *************** function _displayMode *****************
 Defined at:
		line 121 in file "C:\Users\notjo\OneDrive\Desktop\USC\USC-Year3-Sem2\3201-EmbeddedSystems\Labs\LE_04\LE4-7\LE4-7.c"
 Parameters:    Size  Location     Type
		None
 Auto vars:     Size  Location     Type
  temp2           2    2[BANK0 ] unsigned int 
  temp            2    0[BANK0 ] unsigned int 
 Return value:  Size  Location     Type
		None               void
 Registers used:
		wreg, fsr0l, fsr0h, status,2, status,0
 Tracked objects:
		On entry : 
		On exit  : 
		Unchanged: 
 Data sizes:     COMMON   BANK0   BANK1   BANK3   BANK2
      Params:         0       0       0       0       0
      Locals:         0       4       0       0       0
      Temps:          0       0       0       0       0
      Totals:         0       4       0       0       0
Total ram usage:        4 bytes
 Hardware stack levels used:    1
 Hardware stack levels required when called:    1
 This function calls:
		Nothing
 This function is called by:
		_main
 This function uses a non-reentrant model


 *************** function _delay *****************
 Defined at:
		line 166 in file "C:\Users\notjo\OneDrive\Desktop\USC\USC-Year3-Sem2\3201-EmbeddedSystems\Labs\LE_04\LE4-7\LE4-7.c"
 Parameters:    Size  Location     Type
		None
 Auto vars:     Size  Location     Type
  localClock      2    0[BANK0 ] int 
 Return value:  Size  Location     Type
		None               void
 Registers used:
		wreg, status,2, btemp+1
 Tracked objects:
		On entry : 
		On exit  : 
		Unchanged: 
 Data sizes:     COMMON   BANK0   BANK1   BANK3   BANK2
      Params:         0       0       0       0       0
      Locals:         0       2       0       0       0
      Temps:          0       0       0       0       0
      Totals:         0       2       0       0       0
Total ram usage:        2 bytes
 Hardware stack levels used:    1
 Hardware stack levels required when called:    1
 This function calls:
		Nothing
 This function is called by:
		_main
 This function uses a non-reentrant model


 *************** function ___bmul *****************
 Defined at:
		line 4 in file "C:\Program Files (x86)\Microchip\xc8\v1.33\sources\common\Umul8.c"
 Parameters:    Size  Location     Type
  multiplier      1    wreg     unsigned char 
  multiplicand    1    0[BANK0 ] unsigned char 
 Auto vars:     Size  Location     Type
  multiplier      1    3[BANK0 ] unsigned char 
  product         1    2[BANK0 ] unsigned char 
 Return value:  Size  Location     Type
                  1    wreg      unsigned char 
 Registers used:
		wreg, status,2, status,0
 Tracked objects:
		On entry : 
		On exit  : 
		Unchanged: 
 Data sizes:     COMMON   BANK0   BANK1   BANK3   BANK2
      Params:         0       1       0       0       0
      Locals:         0       2       0       0       0
      Temps:          0       1       0       0       0
      Totals:         0       4       0       0       0
Total ram usage:        4 bytes
 Hardware stack levels used:    1
 Hardware stack levels required when called:    1
 This function calls:
		Nothing
 This function is called by:
		_main
 This function uses a non-reentrant model


 *************** function _ISR *****************
 Defined at:
		line 59 in file "C:\Users\notjo\OneDrive\Desktop\USC\USC-Year3-Sem2\3201-EmbeddedSystems\Labs\LE_04\LE4-7\LE4-7.c"
 Parameters:    Size  Location     Type
		None
 Auto vars:     Size  Location     Type
		None
 Return value:  Size  Location     Type
		None               void
 Registers used:
		wreg
 Tracked objects:
		On entry : 
		On exit  : 
		Unchanged: 
 Data sizes:     COMMON   BANK0   BANK1   BANK3   BANK2
      Params:         0       0       0       0       0
      Locals:         0       0       0       0       0
      Temps:          4       0       0       0       0
      Totals:         4       0       0       0       0
Total ram usage:        4 bytes
 Hardware stack levels used:    1
 This function calls:
		Nothing
 This function is called by:
		Interrupt level 1
 This function uses a non-reentrant model



MODULE INFORMATION

Module		Function		Class		Link	Load	Size
C:\Users\notjo\OneDrive\Desktop\USC\USC-Year3-Sem2\3201-EmbeddedSystems\Labs\LE_04\LE4-7\LE4-7.c
		_incFrequency  		CODE           	0236	0000	17
		_incDutyCycle  		CODE           	0247	0000	17
		_delay         		CODE           	01DD	0000	33
		_ISR           		CODE           	01FE	0000	20
		_displayMode   		CODE           	016E	0000	73
		_main          		CODE           	002B	0000	323

C:\Users\notjo\OneDrive\Desktop\USC\USC-Year3-Sem2\3201-EmbeddedSystems\Labs\LE_04\LE4-7\LE4-7.c estimated size: 483

shared
		__initializatio		CODE           	0015	0000	18

shared estimated size: 18

C:\Program Files (x86)\Microchip\xc8\v1.33\sources\common\Umul8.c
		___bmul        		CODE           	0212	0000	19

C:\Program Files (x86)\Microchip\xc8\v1.33\sources\common\Umul8.c estimated size: 19

