Microchip MPLAB XC8 Compiler V1.33 ()

Linker command line:

--edf=C:\Program Files (x86)\Microchip\xc8\v1.33\dat\en_msgs.txt -cs \
  -h+LE7-3.sym --cmf=LE7-3.cmf -z -Q16F877A \
  -oC:\Users\notjo\AppData\Local\Temp\s9b8.6 -MLE7-3.map -E1 -ver=XC8 \
  -ASTACK=0110h-016fh -pstack=STACK -ACONST=00h-0FFhx32 -ACODE=00h-07FFhx4 \
  -ASTRCODE=00h-01FFFh -AENTRY=00h-0FFhx32 -ASTRING=00h-0FFhx32 \
  -ACOMMON=070h-07Fh -ABANK0=020h-06Fh -ABANK1=0A0h-0EFh \
  -ABANK2=0110h-016Fh -ABANK3=0190h-01EFh \
  -ARAM=020h-06Fh,0A0h-0EFh,0110h-016Fh,0190h-01EFh \
  -AABS1=020h-07Fh,0A0h-0EFh,0110h-016Fh,0190h-01EFh -ASFR0=00h-01Fh \
  -ASFR1=080h-09Fh -ASFR2=0100h-010Fh -ASFR3=0180h-018Fh \
  -preset_vec=00h,intentry,init,end_init -ppowerup=CODE -pcinit=CODE \
  -pfunctab=CODE -ACONFIG=02007h-02007h -pconfig=CONFIG -DCONFIG=2 \
  -AIDLOC=02000h-02003h -pidloc=IDLOC -DIDLOC=2 -AEEDATA=00h-0FFh/02100h \
  -peeprom_data=EEDATA -DEEDATA=2 -DCODE=2 -DSTRCODE=2 -DSTRING=2 -DCONST=2 \
  -DENTRY=2 -k startup.obj LE7-3.obj 

Object code version is 3.11

Machine type is 16F877A



                Name                               Link     Load   Length Selector   Space Scale
startup.obj     end_init                              0        0        3        0       0
                config                             2007     2007        1     400E       0
LE7-3.obj       cinit                               7F4      7F4        C      FE8       0
                text34                              8A8      8A8        8     1150       0
                text33                              93D      93D       26     127A       0
                text32                              893      893        7     1126       0
                text31                              8B8      8B8        9     1170       0
                text30                              89A      89A        7     1134       0
                text29                              8A1      8A1        7     1142       0
                text28                              963      963       29     12C6       0
                text27                              8FD      8FD       1D     11FA       0
                text26                              8C1      8C1        F     1182       0
                text25                              B31      B31       68     1662       0
                text24                              9B5      9B5       2B     136A       0
                text23                                3        3       21        0       0
                text22                              E78      E78       B8     1CF0       0
                text21                              1D0      1D0      109      3A0       0
                text20                              8E1      8E1       1C     11C2       0
                text19                              8D0      8D0       11     11A0       0
                text18                               24       24       D3       48       0
                text17                              B99      B99       79     1732       0
                text16                              A92      A92       42     1524       0
                text15                              AD4      AD4       5D     15A8       0
                text14                              C12      C12       8E     1824       0
                text13                              A52      A52       40     14A4       0
                text12                              CA0      CA0       99     1940       0
                text11                              8B0      8B0        8     1160       0
                text10                              D39      D39       99     1A72       0
                text9                               42D      42D      185      85A       0
                text8                               F30      F30       D0     1E60       0
                text7                               2D9      2D9      154      5B2       0
                text6                               98C      98C       29     1318       0
                text5                               91A      91A       23     1234       0
                text4                               A14      A14       3E     1428       0
                text3                               9E0      9E0       34     13C0       0
                text2                                F7       F7       D9      1EE       0
                text1                               DD2      DD2       A6     1BA4       0
                maintext                            5B2      5B2      242      B64       0
                cstackBANK0                          20       20       50       20       1
                cstackCOMMON                         70       70        E       70       1
                cstackBANK1                          A0       A0       2D       A0       1
                bssBANK1                             CD       CD        6       A0       1
                strings                             800      800       74     1000       0

TOTAL           Name                               Link     Load   Length     Space
        CLASS   STACK          

        CLASS   CONST          

        CLASS   CODE           
                end_init                              0        0        3         0
                cinit                               7F4      7F4        C         0
                text34                              8A8      8A8        8         0
                text33                              93D      93D       26         0
                text32                              893      893        7         0
                text31                              8B8      8B8        9         0
                text30                              89A      89A        7         0
                text29                              8A1      8A1        7         0
                text28                              963      963       29         0
                text27                              8FD      8FD       1D         0
                text26                              8C1      8C1        F         0
                text25                              B31      B31       68         0
                text24                              9B5      9B5       2B         0
                text23                                3        3       21         0
                text22                              E78      E78       B8         0
                text21                              1D0      1D0      109         0
                text20                              8E1      8E1       1C         0
                text19                              8D0      8D0       11         0
                text18                               24       24       D3         0
                text17                              B99      B99       79         0
                text16                              A92      A92       42         0
                text15                              AD4      AD4       5D         0
                text14                              C12      C12       8E         0
                text13                              A52      A52       40         0
                text12                              CA0      CA0       99         0
                text11                              8B0      8B0        8         0
                text10                              D39      D39       99         0
                text9                               42D      42D      185         0
                text8                               F30      F30       D0         0
                text7                               2D9      2D9      154         0
                text6                               98C      98C       29         0
                text5                               91A      91A       23         0
                text4                               A14      A14       3E         0
                text3                               9E0      9E0       34         0
                text2                                F7       F7       D9         0
                text1                               DD2      DD2       A6         0
                maintext                            5B2      5B2      242         0

        CLASS   STRCODE        

        CLASS   ENTRY          

        CLASS   STRING         
                strings                             800      800       74         0

        CLASS   COMMON         
                cstackCOMMON                         70       70        E         1

        CLASS   BANK0          
                cstackBANK0                          20       20       50         1

        CLASS   BANK1          
                cstackBANK1                          A0       A0       2D         1
                bssBANK1                             CD       CD        6         1

        CLASS   BANK2          

        CLASS   BANK3          

        CLASS   RAM            

        CLASS   ABS1           
                abs_s1                               7E       7E        2         1

        CLASS   SFR0           

        CLASS   SFR1           

        CLASS   SFR2           

        CLASS   SFR3           

        CLASS   CONFIG         
                config                             2007     2007        1         0

        CLASS   IDLOC          

        CLASS   EEDATA         



SEGMENTS        Name                           Load    Length   Top    Selector   Space  Class     Delta

                reset_vec                      000000  000024  000024         0       0  CODE        2
                cstackBANK0                    000020  000050  000070        20       1  BANK0       1
                text18                         000024  0000D3  0000F7        48       0  CODE        2
                cstackCOMMON                   000070  00000E  00007E        70       1  COMMON      1
                cstackBANK1                    0000A0  000033  0000D3        A0       1  BANK1       1
                text2                          0000F7  0000D9  0001D0       1EE       0  CODE        2
                text21                         0001D0  000109  0002D9       3A0       0  CODE        2
                text7                          0002D9  000154  00042D       5B2       0  CODE        2
                text9                          00042D  000185  0005B2       85A       0  CODE        2
                maintext                       0005B2  000242  0007F4       B64       0  CODE        2
                cinit                          0007F4  00000C  000800       FE8       0  CODE        2
                strings                        000800  000074  000874      1000       0  STRING      2
                text32                         000893  000007  00089A      1126       0  CODE        2
                text30                         00089A  000007  0008A1      1134       0  CODE        2
                text29                         0008A1  000007  0008A8      1142       0  CODE        2
                text34                         0008A8  000008  0008B0      1150       0  CODE        2
                text11                         0008B0  000008  0008B8      1160       0  CODE        2
                text31                         0008B8  000009  0008C1      1170       0  CODE        2
                text26                         0008C1  00000F  0008D0      1182       0  CODE        2
                text19                         0008D0  000011  0008E1      11A0       0  CODE        2
                text20                         0008E1  00001C  0008FD      11C2       0  CODE        2
                text27                         0008FD  00001D  00091A      11FA       0  CODE        2
                text5                          00091A  000023  00093D      1234       0  CODE        2
                text33                         00093D  000026  000963      127A       0  CODE        2
                text28                         000963  000029  00098C      12C6       0  CODE        2
                text6                          00098C  000029  0009B5      1318       0  CODE        2
                text24                         0009B5  00002B  0009E0      136A       0  CODE        2
                text3                          0009E0  000034  000A14      13C0       0  CODE        2
                text4                          000A14  00003E  000A52      1428       0  CODE        2
                text13                         000A52  000040  000A92      14A4       0  CODE        2
                text16                         000A92  000042  000AD4      1524       0  CODE        2
                text15                         000AD4  00005D  000B31      15A8       0  CODE        2
                text25                         000B31  000068  000B99      1662       0  CODE        2
                text17                         000B99  000079  000C12      1732       0  CODE        2
                text14                         000C12  00008E  000CA0      1824       0  CODE        2
                text12                         000CA0  000099  000D39      1940       0  CODE        2
                text10                         000D39  000099  000DD2      1A72       0  CODE        2
                text1                          000DD2  0000A6  000E78      1BA4       0  CODE        2
                text22                         000E78  0000B8  000F30      1CF0       0  CODE        2
                text8                          000F30  0000D0  001000      1E60       0  CODE        2
                config                         002007  000001  002008      400E       0  CONFIG      2


UNUSED ADDRESS RANGES

        Name                Unused          Largest block    Delta
        BANK1            00D3-00EF             1D           1
        BANK2            0110-016F             60           1
        BANK3            0190-01EF             60           1
        CODE             0874-0892             1F           2
                         1000-1FFF            800
        CONST            0874-0892             1F           2
                         1000-1FFF            100
        EEDATA           2100-21FF            100           2
        ENTRY            0874-0892             1F           2
                         1000-1FFF            100
        IDLOC            2000-2003              4           2
        RAM              00D3-00EF             1D           1
                         0110-016F             60
                         0190-01EF             60
        SFR0             0000-001F             20           1
        SFR1             0080-009F             20           1
        SFR2             0100-010F             10           1
        SFR3             0180-018F             10           1
        STACK            0110-016F             60           1
        STRCODE          0874-0892             1F           2
                         1000-1FFF           1000
        STRING           0874-0892             1F           2
                         1000-1FFF            100

                                  Symbol Table

?___altoft                  cstackBANK0  005B
?___awtoft                  cstackCOMMON 0078
?___ftadd                   cstackBANK0  0040
?___ftdiv                   cstackBANK0  0020
?___ftmul                   cstackBANK0  0030
?___ftneg                   cstackCOMMON 0070
?___ftpack                  cstackCOMMON 0070
?___ftsub                   cstackBANK0  004D
?___fttol                   cstackBANK0  004D
?___lltoft                  cstackCOMMON 0078
?___lwdiv                   cstackCOMMON 0070
?___lwmod                   cstackCOMMON 0078
?_eval_poly                 cstackBANK0  004D
?_exp                       cstackBANK0  006C
?_floor                     cstackBANK0  0063
?_frexp                     cstackCOMMON 0070
?_ldexp                     cstackBANK0  0057
?_log                       cstackBANK0  0057
?_pow                       cstackBANK1  00A9
?_sprintf                   cstackBANK0  0020
I2C_Receive@ack             cstackCOMMON 0071
I2C_Receive@temp            cstackCOMMON 0072
I2C_Send@data               cstackCOMMON 0070
_ACKDT                      (abs)        048D
_ACKEN                      (abs)        048C
_I2C_Receive                text33       093D
_I2C_RepeatedStart          text32       0893
_I2C_Send                   text31       08B8
_I2C_Start                  text30       089A
_I2C_Stop                   text29       08A1
_I2C_Wait                   text34       08A8
_PEN                        (abs)        048A
_PORTB                      (abs)        0006
_PORTD                      (abs)        0008
_RCEN                       (abs)        048B
_RD0                        (abs)        0040
_RD2                        (abs)        0042
_RSEN                       (abs)        0489
_SEN                        (abs)        0488
_SSPADD                     (abs)        0093
_SSPBUF                     (abs)        0013
_SSPCON                     (abs)        0014
_SSPCON2                    (abs)        0091
_SSPSTAT                    (abs)        0094
_TRISB                      (abs)        0086
_TRISC3                     (abs)        043B
_TRISC4                     (abs)        043C
_TRISD                      (abs)        0088
__CFG_BOREN$ON              (abs)        0000
__CFG_CP$OFF                (abs)        0000
__CFG_CPD$OFF               (abs)        0000
__CFG_FOSC$XT               (abs)        0000
__CFG_LVP$OFF               (abs)        0000
__CFG_PWRTE$ON              (abs)        0000
__CFG_WDTE$OFF              (abs)        0000
__CFG_WRT$OFF               (abs)        0000
__Habs1                     abs1         0000
__Hbank0                    bank0        0000
__Hbank1                    bank1        0000
__Hbank2                    bank2        0000
__Hbank3                    bank3        0000
__HbssBANK1                 bssBANK1     0000
__Hcinit                    cinit        0800
__Hclrtext                  clrtext      0000
__Hcode                     code         0000
__Hcommon                   common       0000
__Hconfig                   config       2008
__HcstackBANK0              cstackBANK0  0000
__HcstackBANK1              cstackBANK1  0000
__HcstackCOMMON             cstackCOMMON 0000
__Heeprom_data              eeprom_data  0000
__Hend_init                 end_init     0003
__Hfunctab                  functab      0000
__Hidloc                    idloc        0000
__Hinit                     init         0000
__Hintentry                 intentry     0000
__Hmaintext                 maintext     0000
__Hpowerup                  powerup      0000
__Hram                      ram          0000
__Hreset_vec                reset_vec    0000
__Hsfr0                     sfr0         0000
__Hsfr1                     sfr1         0000
__Hsfr2                     sfr2         0000
__Hsfr3                     sfr3         0000
__Hspace_0                  (abs)        2008
__Hspace_1                  (abs)        00D3
__Hspace_2                  (abs)        0000
__Hspace_3                  (abs)        0000
__Hstack                    stack        0000
__Hstrings                  strings      0000
__Htext                     text         0000
__Labs1                     abs1         0000
__Lbank0                    bank0        0000
__Lbank1                    bank1        0000
__Lbank2                    bank2        0000
__Lbank3                    bank3        0000
__LbssBANK1                 bssBANK1     0000
__Lcinit                    cinit        07F4
__Lclrtext                  clrtext      0000
__Lcode                     code         0000
__Lcommon                   common       0000
__Lconfig                   config       2007
__LcstackBANK0              cstackBANK0  0000
__LcstackBANK1              cstackBANK1  0000
__LcstackCOMMON             cstackCOMMON 0000
__Leeprom_data              eeprom_data  0000
__Lend_init                 end_init     0000
__Lfunctab                  functab      0000
__Lidloc                    idloc        0000
__Linit                     init         0000
__Lintentry                 intentry     0000
__Lmaintext                 maintext     0000
__Lpowerup                  powerup      0000
__Lram                      ram          0000
__Lreset_vec                reset_vec    0000
__Lsfr0                     sfr0         0000
__Lsfr1                     sfr1         0000
__Lsfr2                     sfr2         0000
__Lsfr3                     sfr3         0000
__Lspace_0                  (abs)        0000
__Lspace_1                  (abs)        0000
__Lspace_2                  (abs)        0000
__Lspace_3                  (abs)        0000
__Lstack                    stack        0000
__Lstrings                  strings      0000
__Ltext                     text         0000
__S0                        (abs)        2008
__S1                        (abs)        00D3
__S2                        (abs)        0000
__S3                        (abs)        0000
___altoft                   text16       0A92
___altoft@c                 cstackBANK0  005B
___altoft@exp               cstackBANK0  0061
___altoft@sign              cstackBANK0  0062
___awtoft                   text23       0003
___awtoft@c                 cstackCOMMON 0078
___awtoft@sign              cstackCOMMON 007D
___bmul                     text19       08D0
___bmul@multiplicand        cstackCOMMON 0070
___bmul@multiplier          cstackCOMMON 0073
___bmul@product             cstackCOMMON 0072
___ftadd                    text21       01D0
___ftadd@exp1               cstackBANK0  004C
___ftadd@exp2               cstackBANK0  004B
___ftadd@f1                 cstackBANK0  0040
___ftadd@f2                 cstackBANK0  0043
___ftadd@sign               cstackBANK0  004A
___ftdiv                    text22       0E78
___ftdiv@cntr               cstackBANK0  002A
___ftdiv@exp                cstackBANK0  002E
___ftdiv@f1                 cstackBANK0  0023
___ftdiv@f2                 cstackBANK0  0020
___ftdiv@f3                 cstackBANK0  002B
___ftdiv@sign               cstackBANK0  002F
___ftge                     text15       0AD4
___ftge@ff1                 cstackCOMMON 0070
___ftge@ff2                 cstackCOMMON 0073
___ftmul                    text18       0024
___ftmul@cntr               cstackBANK0  003E
___ftmul@exp                cstackBANK0  003A
___ftmul@f1                 cstackBANK0  0030
___ftmul@f2                 cstackBANK0  0033
___ftmul@f3_as_product      cstackBANK0  003B
___ftmul@sign               cstackBANK0  003F
___ftneg                    text11       08B0
___ftneg@f1                 cstackCOMMON 0070
___ftpack                   text25       0B31
___ftpack@arg               cstackCOMMON 0070
___ftpack@exp               cstackCOMMON 0073
___ftpack@sign              cstackCOMMON 0074
___ftsub                    text20       08E1
___ftsub@f1                 cstackBANK0  0050
___ftsub@f2                 cstackBANK0  004D
___fttol                    text14       0C12
___fttol@exp1               cstackBANK0  005A
___fttol@f1                 cstackBANK0  004D
___fttol@lval               cstackBANK0  0056
___fttol@sign1              cstackBANK0  0055
___int_sp                   stack        0000
___latbits                  (abs)        0002
___lltoft                   text24       09B5
___lltoft@c                 cstackCOMMON 0078
___lltoft@exp               cstackCOMMON 007D
___lwdiv                    text4        0A14
___lwdiv@counter            cstackCOMMON 0077
___lwdiv@dividend           cstackCOMMON 0072
___lwdiv@divisor            cstackCOMMON 0070
___lwdiv@quotient           cstackCOMMON 0075
___lwmod                    text3        09E0
___lwmod@counter            cstackCOMMON 007D
___lwmod@dividend           cstackCOMMON 007A
___lwmod@divisor            cstackCOMMON 0078
___sp                       stack        0000
__end_of_I2C_Receive        text33       0963
__end_of_I2C_RepeatedStart  text32       089A
__end_of_I2C_Send           text31       08C1
__end_of_I2C_Start          text30       08A1
__end_of_I2C_Stop           text29       08A8
__end_of_I2C_Wait           text34       08B0
__end_of___altoft           text16       0AD4
__end_of___awtoft           text23       0024
__end_of___bmul             text19       08E1
__end_of___ftadd            text21       02D9
__end_of___ftdiv            text22       0F30
__end_of___ftge             text15       0B31
__end_of___ftmul            text18       00F7
__end_of___ftneg            text11       08B8
__end_of___ftpack           text25       0B99
__end_of___ftsub            text20       08FD
__end_of___fttol            text14       0CA0
__end_of___lltoft           text24       09E0
__end_of___lwdiv            text4        0A52
__end_of___lwmod            text3        0A14
__end_of__initialization    cinit        07FC
__end_of__stringdata        strings      0874
__end_of__stringtab         strings      0810
__end_of_dataCtrl           text6        09B5
__end_of_dpowers            strings      081A
__end_of_eval_poly          text17       0C12
__end_of_exp                text9        05B2
__end_of_floor              text12       0D39
__end_of_frexp              text13       0A92
__end_of_initLCD            text27       091A
__end_of_init_I2C_Master    text26       08D0
__end_of_instCtrl           text28       098C
__end_of_ldexp              text10       0DD2
__end_of_log                text8        1000
__end_of_main               maintext     07F4
__end_of_pow                text7        042D
__end_of_printString        text5        093D
__end_of_sprintf            text2        01D0
__end_of_updateDisplay      text1        0E78
__end_ofexp@coeff           strings      0838
__end_oflog@coeff           strings      0853
__initialization            cinit        07F4
__pbssBANK1                 bssBANK1     00CD
__pcstackBANK0              cstackBANK0  0020
__pcstackBANK1              cstackBANK1  00A0
__pcstackCOMMON             cstackCOMMON 0070
__pmaintext                 maintext     05B2
__pstrings                  strings      0800
__ptext1                    text1        0DD2
__ptext10                   text10       0D39
__ptext11                   text11       08B0
__ptext12                   text12       0CA0
__ptext13                   text13       0A52
__ptext14                   text14       0C12
__ptext15                   text15       0AD4
__ptext16                   text16       0A92
__ptext17                   text17       0B99
__ptext18                   text18       0024
__ptext19                   text19       08D0
__ptext2                    text2        00F7
__ptext20                   text20       08E1
__ptext21                   text21       01D0
__ptext22                   text22       0E78
__ptext23                   text23       0003
__ptext24                   text24       09B5
__ptext25                   text25       0B31
__ptext26                   text26       08C1
__ptext27                   text27       08FD
__ptext28                   text28       0963
__ptext29                   text29       08A1
__ptext3                    text3        09E0
__ptext30                   text30       089A
__ptext31                   text31       08B8
__ptext32                   text32       0893
__ptext33                   text33       093D
__ptext34                   text34       08A8
__ptext4                    text4        0A14
__ptext5                    text5        091A
__ptext6                    text6        098C
__ptext7                    text7        02D9
__ptext8                    text8        0F30
__ptext9                    text9        042D
__size_of_I2C_Receive       (abs)        0000
__size_of_I2C_RepeatedStart (abs)        0000
__size_of_I2C_Send          (abs)        0000
__size_of_I2C_Start         (abs)        0000
__size_of_I2C_Stop          (abs)        0000
__size_of_I2C_Wait          (abs)        0000
__size_of___altoft          (abs)        0000
__size_of___awtoft          (abs)        0000
__size_of___bmul            (abs)        0000
__size_of___ftadd           (abs)        0000
__size_of___ftdiv           (abs)        0000
__size_of___ftge            (abs)        0000
__size_of___ftmul           (abs)        0000
__size_of___ftneg           (abs)        0000
__size_of___ftpack          (abs)        0000
__size_of___ftsub           (abs)        0000
__size_of___fttol           (abs)        0000
__size_of___lltoft          (abs)        0000
__size_of___lwdiv           (abs)        0000
__size_of___lwmod           (abs)        0000
__size_of_dataCtrl          (abs)        0000
__size_of_eval_poly         (abs)        0000
__size_of_exp               (abs)        0000
__size_of_floor             (abs)        0000
__size_of_frexp             (abs)        0000
__size_of_initLCD           (abs)        0000
__size_of_init_I2C_Master   (abs)        0000
__size_of_instCtrl          (abs)        0000
__size_of_ldexp             (abs)        0000
__size_of_log               (abs)        0000
__size_of_main              (abs)        0000
__size_of_pow               (abs)        0000
__size_of_printString       (abs)        0000
__size_of_sprintf           (abs)        0000
__size_of_updateDisplay     (abs)        0000
__stringbase                strings      080F
__stringdata                strings      0853
__stringtab                 strings      0800
_dataCtrl                   text6        098C
_dpowers                    strings      0810
_errno                      bssBANK1     00CD
_eval_poly                  text17       0B99
_exp                        text9        042D
_exp$446                    cstackBANK1  00A3
_exp$653                    cstackBANK1  00A0
_floor                      text12       0CA0
_frexp                      text13       0A52
_initLCD                    text27       08FD
_init_I2C_Master            text26       08C1
_instCtrl                   text28       0963
_ldexp                      text10       0D39
_ldexp$483                  cstackBANK0  005E
_log                        text8        0F30
_main                       maintext     05B2
_main$650                   cstackBANK1  00BE
_pow                        text7        02D9
_pow$651                    cstackBANK1  00B0
_pow$652                    cstackBANK1  00B3
_printString                text5        091A
_relative_humidity          bssBANK1     00CF
_sprintf                    text2        00F7
_temperature                bssBANK1     00D1
_updateDisplay              text1        0DD2
btemp                       (abs)        007E
dataCtrl@data               cstackCOMMON 0070
dataCtrl@i                  cstackCOMMON 0071
end_of_initialization       cinit        07FC
eval_poly@d                 cstackBANK0  0050
eval_poly@n                 cstackBANK0  0051
eval_poly@res               cstackBANK0  0054
eval_poly@x                 cstackBANK0  004D
exp@coeff                   strings      081A
exp@exponent                cstackBANK1  00A6
exp@sign                    cstackBANK1  00A8
exp@x                       cstackBANK0  006C
floor@expon                 cstackBANK0  006A
floor@i                     cstackBANK0  0067
floor@x                     cstackBANK0  0063
frexp@eptr                  cstackCOMMON 0073
frexp@value                 cstackCOMMON 0070
instCtrl@i                  cstackCOMMON 0071
instCtrl@inst               cstackCOMMON 0070
intlevel0                   functab      0000
intlevel1                   functab      0000
intlevel2                   functab      0000
intlevel3                   functab      0000
intlevel4                   functab      0000
intlevel5                   functab      0000
ldexp@newexp                cstackBANK0  005A
ldexp@value                 cstackBANK0  0057
log@coeff                   strings      0838
log@exponent                cstackBANK0  005B
log@x                       cstackBANK0  0057
ltemp                       (abs)        007E
ltemp0                      (abs)        007E
ltemp1                      (abs)        0082
ltemp2                      (abs)        0086
ltemp3                      (abs)        0080
main@LSB                    cstackBANK1  00CB
main@MSB                    cstackBANK1  00C9
main@i                      cstackBANK1  00C7
main@resolution             cstackBANK1  00C5
main@temp_humidity          cstackBANK1  00C1
main@temp_temperature       cstackBANK1  00C3
pow@sign                    cstackBANK1  00B6
pow@x                       cstackBANK1  00A9
pow@y                       cstackBANK1  00AC
pow@yi                      cstackBANK1  00B7
printString@string          cstackCOMMON 0073
reset_vec                   reset_vec    0000
sprintf@_val                cstackBANK0  0029
sprintf@ap                  cstackBANK0  0026
sprintf@c                   cstackBANK0  002E
sprintf@f                   cstackBANK0  0020
sprintf@flag                cstackBANK0  0027
sprintf@prec                cstackBANK0  0028
sprintf@sp                  cstackBANK0  002D
stackhi                     (abs)        0000
stacklo                     (abs)        0000
start                       init         0000
start_initialization        cinit        07F4
ttemp                       (abs)        007E
ttemp0                      (abs)        007E
ttemp1                      (abs)        0081
ttemp2                      (abs)        0084
ttemp3                      (abs)        0087
ttemp4                      (abs)        007F
updateDisplay@humidity      cstackBANK0  0030
updateDisplay@i             cstackBANK0  0044
updateDisplay@temp          cstackBANK0  003A
wtemp                       (abs)        007E
wtemp0                      (abs)        007E
wtemp1                      (abs)        0080
wtemp2                      (abs)        0082
wtemp3                      (abs)        0084
wtemp4                      (abs)        0086
wtemp5                      (abs)        0088
wtemp6                      (abs)        007F


FUNCTION INFORMATION:

 *************** function _main *****************
 Defined at:
		line 73 in file "C:\Users\notjo\OneDrive\Desktop\USC\USC-Year3-Sem2\3201-EmbeddedSystems\Labs\LE_07\LE7-3\LE7-3.c"
 Parameters:    Size  Location     Type
		None
 Auto vars:     Size  Location     Type
  i               2   39[BANK1 ] int 
  temp_tempera    2   35[BANK1 ] int 
  temp_humidit    2   33[BANK1 ] int 
  LSB             2   43[BANK1 ] int 
  MSB             2   41[BANK1 ] int 
  resolution      2   37[BANK1 ] int 
 Return value:  Size  Location     Type
		None               void
 Registers used:
		wreg, fsr0l, fsr0h, status,2, status,0, btemp+1, pclath, cstack
 Tracked objects:
		On entry : 
		On exit  : 
		Unchanged: 
 Data sizes:     COMMON   BANK0   BANK1   BANK3   BANK2
      Params:         0       0       0       0       0
      Locals:         0       0      15       0       0
      Temps:          0       0       3       0       0
      Totals:         0       0      18       0       0
Total ram usage:       18 bytes
 Hardware stack levels required when called:    5
 This function calls:
		_I2C_Receive
		_I2C_RepeatedStart
		_I2C_Send
		_I2C_Start
		_I2C_Stop
		___awtoft
		___ftadd
		___ftdiv
		___ftmul
		___fttol
		_initLCD
		_init_I2C_Master
		_pow
		_updateDisplay
 This function is called by:
		Startup code after reset
 This function uses a non-reentrant model


 *************** function _updateDisplay *****************
 Defined at:
		line 138 in file "C:\Users\notjo\OneDrive\Desktop\USC\USC-Year3-Sem2\3201-EmbeddedSystems\Labs\LE_07\LE7-3\LE7-3.c"
 Parameters:    Size  Location     Type
		None
 Auto vars:     Size  Location     Type
  i               2   36[BANK0 ] int 
  temp           10   26[BANK0 ] unsigned char [10]
  humidity       10   16[BANK0 ] unsigned char [10]
 Return value:  Size  Location     Type
		None               void
 Registers used:
		wreg, fsr0l, fsr0h, status,2, status,0, btemp+1, pclath, cstack
 Tracked objects:
		On entry : 
		On exit  : 
		Unchanged: 
 Data sizes:     COMMON   BANK0   BANK1   BANK3   BANK2
      Params:         0       0       0       0       0
      Locals:         0      22       0       0       0
      Temps:          0       1       0       0       0
      Totals:         0      23       0       0       0
Total ram usage:       23 bytes
 Hardware stack levels used:    1
 Hardware stack levels required when called:    2
 This function calls:
		_dataCtrl
		_instCtrl
		_printString
		_sprintf
 This function is called by:
		_main
 This function uses a non-reentrant model


 *************** function _sprintf *****************
 Defined at:
		line 492 in file "C:\Program Files (x86)\Microchip\xc8\v1.33\sources\common\doprnt.c"
 Parameters:    Size  Location     Type
  sp              1    wreg     PTR unsigned char 
		 -> updateDisplay@temp(10), updateDisplay@humidity(10), 
  f               1    0[BANK0 ] PTR const unsigned char 
		 -> STR_6(3), STR_4(3), 
 Auto vars:     Size  Location     Type
  sp              1   13[BANK0 ] PTR unsigned char 
		 -> updateDisplay@temp(10), updateDisplay@humidity(10), 
  _val            4    9[BANK0 ] struct .
  c               1   14[BANK0 ] char 
  prec            1    8[BANK0 ] char 
  flag            1    7[BANK0 ] unsigned char 
  ap              1    6[BANK0 ] PTR void [1]
		 -> ?_sprintf(2), 
 Return value:  Size  Location     Type
                  2    0[BANK0 ] int 
 Registers used:
		wreg, fsr0l, fsr0h, status,2, status,0, btemp+1, pclath, cstack
 Tracked objects:
		On entry : 
		On exit  : 
		Unchanged: 
 Data sizes:     COMMON   BANK0   BANK1   BANK3   BANK2
      Params:         0       3       0       0       0
      Locals:         0       9       0       0       0
      Temps:          0       3       0       0       0
      Totals:         0      15       0       0       0
Total ram usage:       15 bytes
 Hardware stack levels used:    1
 Hardware stack levels required when called:    1
 This function calls:
		___lwdiv
		___lwmod
 This function is called by:
		_updateDisplay
 This function uses a non-reentrant model


 *************** function ___lwmod *****************
 Defined at:
		line 6 in file "C:\Program Files (x86)\Microchip\xc8\v1.33\sources\common\lwmod.c"
 Parameters:    Size  Location     Type
  divisor         2    8[COMMON] unsigned int 
  dividend        2   10[COMMON] unsigned int 
 Auto vars:     Size  Location     Type
  counter         1   13[COMMON] unsigned char 
 Return value:  Size  Location     Type
                  2    8[COMMON] unsigned int 
 Registers used:
		wreg, status,2, status,0
 Tracked objects:
		On entry : 
		On exit  : 
		Unchanged: 
 Data sizes:     COMMON   BANK0   BANK1   BANK3   BANK2
      Params:         4       0       0       0       0
      Locals:         1       0       0       0       0
      Temps:          1       0       0       0       0
      Totals:         6       0       0       0       0
Total ram usage:        6 bytes
 Hardware stack levels used:    1
 This function calls:
		Nothing
 This function is called by:
		_sprintf
 This function uses a non-reentrant model


 *************** function ___lwdiv *****************
 Defined at:
		line 6 in file "C:\Program Files (x86)\Microchip\xc8\v1.33\sources\common\lwdiv.c"
 Parameters:    Size  Location     Type
  divisor         2    0[COMMON] unsigned int 
  dividend        2    2[COMMON] unsigned int 
 Auto vars:     Size  Location     Type
  quotient        2    5[COMMON] unsigned int 
  counter         1    7[COMMON] unsigned char 
 Return value:  Size  Location     Type
                  2    0[COMMON] unsigned int 
 Registers used:
		wreg, status,2, status,0
 Tracked objects:
		On entry : 
		On exit  : 
		Unchanged: 
 Data sizes:     COMMON   BANK0   BANK1   BANK3   BANK2
      Params:         4       0       0       0       0
      Locals:         3       0       0       0       0
      Temps:          1       0       0       0       0
      Totals:         8       0       0       0       0
Total ram usage:        8 bytes
 Hardware stack levels used:    1
 This function calls:
		Nothing
 This function is called by:
		_sprintf
 This function uses a non-reentrant model


 *************** function _printString *****************
 Defined at:
		line 218 in file "C:\Users\notjo\OneDrive\Desktop\USC\USC-Year3-Sem2\3201-EmbeddedSystems\Labs\LE_07\LE7-3\LE7-3.c"
 Parameters:    Size  Location     Type
  string          2    3[COMMON] PTR unsigned char 
		 -> updateDisplay@temp(10), STR_5(14), updateDisplay@humidity(10), STR_3(11), 
		 -> STR_2(5), STR_1(5), 
 Auto vars:     Size  Location     Type
		None
 Return value:  Size  Location     Type
		None               void
 Registers used:
		wreg, fsr0l, fsr0h, status,2, status,0, btemp+1, pclath, cstack
 Tracked objects:
		On entry : 
		On exit  : 
		Unchanged: 
 Data sizes:     COMMON   BANK0   BANK1   BANK3   BANK2
      Params:         2       0       0       0       0
      Locals:         0       0       0       0       0
      Temps:          0       0       0       0       0
      Totals:         2       0       0       0       0
Total ram usage:        2 bytes
 Hardware stack levels used:    1
 Hardware stack levels required when called:    1
 This function calls:
		_dataCtrl
 This function is called by:
		_updateDisplay
 This function uses a non-reentrant model


 *************** function _dataCtrl *****************
 Defined at:
		line 188 in file "C:\Users\notjo\OneDrive\Desktop\USC\USC-Year3-Sem2\3201-EmbeddedSystems\Labs\LE_07\LE7-3\LE7-3.c"
 Parameters:    Size  Location     Type
  data            1    wreg     unsigned char 
 Auto vars:     Size  Location     Type
  data            1    0[COMMON] unsigned char 
  i               2    1[COMMON] int 
 Return value:  Size  Location     Type
		None               void
 Registers used:
		wreg, status,2, btemp+1
 Tracked objects:
		On entry : 
		On exit  : 
		Unchanged: 
 Data sizes:     COMMON   BANK0   BANK1   BANK3   BANK2
      Params:         0       0       0       0       0
      Locals:         3       0       0       0       0
      Temps:          0       0       0       0       0
      Totals:         3       0       0       0       0
Total ram usage:        3 bytes
 Hardware stack levels used:    1
 This function calls:
		Nothing
 This function is called by:
		_updateDisplay
		_printString
 This function uses a non-reentrant model


 *************** function _pow *****************
 Defined at:
		line 5 in file "C:\Program Files (x86)\Microchip\xc8\v1.33\sources\common\pow.c"
 Parameters:    Size  Location     Type
  x               3    9[BANK1 ] int 
  y               3   12[BANK1 ] int 
 Auto vars:     Size  Location     Type
  yi              4   23[BANK1 ] unsigned long 
  sign            1   22[BANK1 ] unsigned char 
 Return value:  Size  Location     Type
                  3    9[BANK1 ] unsigned char 
 Registers used:
		wreg, fsr0l, fsr0h, status,2, status,0, btemp+1, pclath, cstack
 Tracked objects:
		On entry : 
		On exit  : 
		Unchanged: 
 Data sizes:     COMMON   BANK0   BANK1   BANK3   BANK2
      Params:         0       0       6       0       0
      Locals:         0       0      11       0       0
      Temps:          0       0       1       0       0
      Totals:         0       0      18       0       0
Total ram usage:       18 bytes
 Hardware stack levels used:    1
 Hardware stack levels required when called:    4
 This function calls:
		___ftge
		___ftmul
		___ftneg
		___fttol
		___lltoft
		_exp
		_log
 This function is called by:
		_main
 This function uses a non-reentrant model


 *************** function _log *****************
 Defined at:
		line 5 in file "C:\Program Files (x86)\Microchip\xc8\v1.33\sources\common\log.c"
 Parameters:    Size  Location     Type
  x               3   55[BANK0 ] unsigned char 
 Auto vars:     Size  Location     Type
  exponent        2   59[BANK0 ] int 
 Return value:  Size  Location     Type
                  3   55[BANK0 ] int 
 Registers used:
		wreg, fsr0l, fsr0h, status,2, status,0, btemp+1, pclath, cstack
 Tracked objects:
		On entry : 
		On exit  : 
		Unchanged: 
 Data sizes:     COMMON   BANK0   BANK1   BANK3   BANK2
      Params:         0       3       0       0       0
      Locals:         0       2       0       0       0
      Temps:          0       1       0       0       0
      Totals:         0       6       0       0       0
Total ram usage:        6 bytes
 Hardware stack levels used:    1
 Hardware stack levels required when called:    3
 This function calls:
		___awtoft
		___ftadd
		___ftge
		___ftmul
		_eval_poly
		_frexp
 This function is called by:
		_pow
 This function uses a non-reentrant model


 *************** function _exp *****************
 Defined at:
		line 12 in file "C:\Program Files (x86)\Microchip\xc8\v1.33\sources\common\exp.c"
 Parameters:    Size  Location     Type
  x               3   76[BANK0 ] int 
 Auto vars:     Size  Location     Type
  exponent        2    6[BANK1 ] int 
  sign            1    8[BANK1 ] unsigned char 
 Return value:  Size  Location     Type
                  3   76[BANK0 ] unsigned char 
 Registers used:
		wreg, fsr0l, fsr0h, status,2, status,0, btemp+1, pclath, cstack
 Tracked objects:
		On entry : 
		On exit  : 
		Unchanged: 
 Data sizes:     COMMON   BANK0   BANK1   BANK3   BANK2
      Params:         0       3       0       0       0
      Locals:         0       0       9       0       0
      Temps:          0       1       0       0       0
      Totals:         0       4       9       0       0
Total ram usage:       13 bytes
 Hardware stack levels used:    1
 Hardware stack levels required when called:    3
 This function calls:
		___awtoft
		___ftdiv
		___ftge
		___ftmul
		___ftneg
		___ftsub
		___fttol
		_eval_poly
		_floor
		_ldexp
 This function is called by:
		_pow
 This function uses a non-reentrant model


 *************** function _ldexp *****************
 Defined at:
		line 277 in file "C:\Program Files (x86)\Microchip\xc8\v1.33\sources\common\frexp.c"
 Parameters:    Size  Location     Type
  value           3   55[BANK0 ] unsigned char 
  newexp          2   58[BANK0 ] int 
 Auto vars:     Size  Location     Type
		None
 Return value:  Size  Location     Type
                  3   55[BANK0 ] int 
 Registers used:
		wreg, status,2, status,0, btemp+1, pclath, cstack
 Tracked objects:
		On entry : 
		On exit  : 
		Unchanged: 
 Data sizes:     COMMON   BANK0   BANK1   BANK3   BANK2
      Params:         0       5       0       0       0
      Locals:         0       3       0       0       0
      Temps:          0       2       0       0       0
      Totals:         0      10       0       0       0
Total ram usage:       10 bytes
 Hardware stack levels used:    1
 Hardware stack levels required when called:    1
 This function calls:
		___ftge
		___ftneg
 This function is called by:
		_exp
 This function uses a non-reentrant model


 *************** function ___ftneg *****************
 Defined at:
		line 15 in file "C:\Program Files (x86)\Microchip\xc8\v1.33\sources\common\ftneg.c"
 Parameters:    Size  Location     Type
  f1              3    0[COMMON] float 
 Auto vars:     Size  Location     Type
		None
 Return value:  Size  Location     Type
                  3    0[COMMON] float 
 Registers used:
		wreg
 Tracked objects:
		On entry : 
		On exit  : 
		Unchanged: 
 Data sizes:     COMMON   BANK0   BANK1   BANK3   BANK2
      Params:         3       0       0       0       0
      Locals:         0       0       0       0       0
      Temps:          0       0       0       0       0
      Totals:         3       0       0       0       0
Total ram usage:        3 bytes
 Hardware stack levels used:    1
 This function calls:
		Nothing
 This function is called by:
		_pow
		_exp
		_ldexp
 This function uses a non-reentrant model


 *************** function _floor *****************
 Defined at:
		line 13 in file "C:\Program Files (x86)\Microchip\xc8\v1.33\sources\common\floor.c"
 Parameters:    Size  Location     Type
  x               3   67[BANK0 ] float 
 Auto vars:     Size  Location     Type
  i               3   71[BANK0 ] float 
  expon           2   74[BANK0 ] int 
 Return value:  Size  Location     Type
                  3   67[BANK0 ] int 
 Registers used:
		wreg, fsr0l, fsr0h, status,2, status,0, btemp+1, pclath, cstack
 Tracked objects:
		On entry : 
		On exit  : 
		Unchanged: 
 Data sizes:     COMMON   BANK0   BANK1   BANK3   BANK2
      Params:         0       3       0       0       0
      Locals:         0       5       0       0       0
      Temps:          0       1       0       0       0
      Totals:         0       9       0       0       0
Total ram usage:        9 bytes
 Hardware stack levels used:    1
 Hardware stack levels required when called:    2
 This function calls:
		___altoft
		___ftadd
		___ftge
		___fttol
		_frexp
 This function is called by:
		_exp
 This function uses a non-reentrant model


 *************** function _frexp *****************
 Defined at:
		line 254 in file "C:\Program Files (x86)\Microchip\xc8\v1.33\sources\common\frexp.c"
 Parameters:    Size  Location     Type
  value           3    0[COMMON] int 
  eptr            1    3[COMMON] PTR int 
		 -> log@exponent(2), floor@expon(2), 
 Auto vars:     Size  Location     Type
		None
 Return value:  Size  Location     Type
                  3    0[COMMON] PTR int 
 Registers used:
		wreg, fsr0l, fsr0h, status,2, status,0, btemp+1
 Tracked objects:
		On entry : 
		On exit  : 
		Unchanged: 
 Data sizes:     COMMON   BANK0   BANK1   BANK3   BANK2
      Params:         4       0       0       0       0
      Locals:         0       0       0       0       0
      Temps:          2       0       0       0       0
      Totals:         6       0       0       0       0
Total ram usage:        6 bytes
 Hardware stack levels used:    1
 This function calls:
		Nothing
 This function is called by:
		_floor
		_log
 This function uses a non-reentrant model


 *************** function ___fttol *****************
 Defined at:
		line 44 in file "C:\Program Files (x86)\Microchip\xc8\v1.33\sources\common\fttol.c"
 Parameters:    Size  Location     Type
  f1              3   45[BANK0 ] float 
 Auto vars:     Size  Location     Type
  lval            4   54[BANK0 ] unsigned long 
  exp1            1   58[BANK0 ] unsigned char 
  sign1           1   53[BANK0 ] unsigned char 
 Return value:  Size  Location     Type
                  4   45[BANK0 ] long 
 Registers used:
		wreg, status,2, status,0
 Tracked objects:
		On entry : 
		On exit  : 
		Unchanged: 
 Data sizes:     COMMON   BANK0   BANK1   BANK3   BANK2
      Params:         0       4       0       0       0
      Locals:         0       6       0       0       0
      Temps:          0       4       0       0       0
      Totals:         0      14       0       0       0
Total ram usage:       14 bytes
 Hardware stack levels used:    1
 This function calls:
		Nothing
 This function is called by:
		_main
		_pow
		_exp
		_floor
 This function uses a non-reentrant model


 *************** function ___ftge *****************
 Defined at:
		line 4 in file "C:\Program Files (x86)\Microchip\xc8\v1.33\sources\common\ftge.c"
 Parameters:    Size  Location     Type
  ff1             3    0[COMMON] float 
  ff2             3    3[COMMON] float 
 Auto vars:     Size  Location     Type
		None
 Return value:  Size  Location     Type
		None               void
 Registers used:
		wreg, status,2, status,0
 Tracked objects:
		On entry : 
		On exit  : 
		Unchanged: 
 Data sizes:     COMMON   BANK0   BANK1   BANK3   BANK2
      Params:         6       0       0       0       0
      Locals:         0       0       0       0       0
      Temps:          6       0       0       0       0
      Totals:        12       0       0       0       0
Total ram usage:       12 bytes
 Hardware stack levels used:    1
 This function calls:
		Nothing
 This function is called by:
		_pow
		_exp
		_floor
		_ldexp
		_log
 This function uses a non-reentrant model


 *************** function ___altoft *****************
 Defined at:
		line 42 in file "C:\Program Files (x86)\Microchip\xc8\v1.33\sources\common\altoft.c"
 Parameters:    Size  Location     Type
  c               4   59[BANK0 ] long 
 Auto vars:     Size  Location     Type
  sign            1   66[BANK0 ] unsigned char 
  exp             1   65[BANK0 ] unsigned char 
 Return value:  Size  Location     Type
                  3   59[BANK0 ] float 
 Registers used:
		wreg, status,2, status,0, pclath, cstack
 Tracked objects:
		On entry : 
		On exit  : 
		Unchanged: 
 Data sizes:     COMMON   BANK0   BANK1   BANK3   BANK2
      Params:         0       4       0       0       0
      Locals:         0       2       0       0       0
      Temps:          0       2       0       0       0
      Totals:         0       8       0       0       0
Total ram usage:        8 bytes
 Hardware stack levels used:    1
 Hardware stack levels required when called:    1
 This function calls:
		___ftpack
 This function is called by:
		_floor
 This function uses a non-reentrant model


 *************** function _eval_poly *****************
 Defined at:
		line 4 in file "C:\Program Files (x86)\Microchip\xc8\v1.33\sources\common\evalpoly.c"
 Parameters:    Size  Location     Type
  x               3   45[BANK0 ] float 
  d               1   48[BANK0 ] PTR const 
		 -> log@coeff(27), exp@coeff(30), 
  n               2   49[BANK0 ] int 
 Auto vars:     Size  Location     Type
  res             3   52[BANK0 ] int 
 Return value:  Size  Location     Type
                  3   45[BANK0 ] int 
 Registers used:
		wreg, fsr0l, fsr0h, status,2, status,0, pclath, cstack
 Tracked objects:
		On entry : 
		On exit  : 
		Unchanged: 
 Data sizes:     COMMON   BANK0   BANK1   BANK3   BANK2
      Params:         0       6       0       0       0
      Locals:         0       3       0       0       0
      Temps:          0       1       0       0       0
      Totals:         0      10       0       0       0
Total ram usage:       10 bytes
 Hardware stack levels used:    1
 Hardware stack levels required when called:    2
 This function calls:
		___bmul
		___ftadd
		___ftmul
 This function is called by:
		_exp
		_log
 This function uses a non-reentrant model


 *************** function ___ftmul *****************
 Defined at:
		line 62 in file "C:\Program Files (x86)\Microchip\xc8\v1.33\sources\common\ftmul.c"
 Parameters:    Size  Location     Type
  f1              3   16[BANK0 ] float 
  f2              3   19[BANK0 ] float 
 Auto vars:     Size  Location     Type
  f3_as_produc    3   27[BANK0 ] unsigned um
  sign            1   31[BANK0 ] unsigned char 
  cntr            1   30[BANK0 ] unsigned char 
  exp             1   26[BANK0 ] unsigned char 
 Return value:  Size  Location     Type
                  3   16[BANK0 ] float 
 Registers used:
		wreg, status,2, status,0, pclath, cstack
 Tracked objects:
		On entry : 
		On exit  : 
		Unchanged: 
 Data sizes:     COMMON   BANK0   BANK1   BANK3   BANK2
      Params:         0       6       0       0       0
      Locals:         0       6       0       0       0
      Temps:          0       4       0       0       0
      Totals:         0      16       0       0       0
Total ram usage:       16 bytes
 Hardware stack levels used:    1
 Hardware stack levels required when called:    1
 This function calls:
		___ftpack
 This function is called by:
		_main
		_pow
		_exp
		_log
		_eval_poly
 This function uses a non-reentrant model


 *************** function ___bmul *****************
 Defined at:
		line 4 in file "C:\Program Files (x86)\Microchip\xc8\v1.33\sources\common\Umul8.c"
 Parameters:    Size  Location     Type
  multiplier      1    wreg     unsigned char 
  multiplicand    1    0[COMMON] unsigned char 
 Auto vars:     Size  Location     Type
  multiplier      1    3[COMMON] unsigned char 
  product         1    2[COMMON] unsigned char 
 Return value:  Size  Location     Type
                  1    wreg      unsigned char 
 Registers used:
		wreg, status,2, status,0
 Tracked objects:
		On entry : 
		On exit  : 
		Unchanged: 
 Data sizes:     COMMON   BANK0   BANK1   BANK3   BANK2
      Params:         1       0       0       0       0
      Locals:         2       0       0       0       0
      Temps:          1       0       0       0       0
      Totals:         4       0       0       0       0
Total ram usage:        4 bytes
 Hardware stack levels used:    1
 This function calls:
		Nothing
 This function is called by:
		_eval_poly
 This function uses a non-reentrant model


 *************** function ___ftsub *****************
 Defined at:
		line 18 in file "C:\Program Files (x86)\Microchip\xc8\v1.33\sources\common\ftsub.c"
 Parameters:    Size  Location     Type
  f2              3   45[BANK0 ] float 
  f1              3   48[BANK0 ] float 
 Auto vars:     Size  Location     Type
		None
 Return value:  Size  Location     Type
                  3   45[BANK0 ] float 
 Registers used:
		wreg, status,2, status,0, pclath, cstack
 Tracked objects:
		On entry : 
		On exit  : 
		Unchanged: 
 Data sizes:     COMMON   BANK0   BANK1   BANK3   BANK2
      Params:         0       6       0       0       0
      Locals:         0       0       0       0       0
      Temps:          0       0       0       0       0
      Totals:         0       6       0       0       0
Total ram usage:        6 bytes
 Hardware stack levels used:    1
 Hardware stack levels required when called:    2
 This function calls:
		___ftadd
 This function is called by:
		_exp
 This function uses a non-reentrant model


 *************** function ___ftadd *****************
 Defined at:
		line 86 in file "C:\Program Files (x86)\Microchip\xc8\v1.33\sources\common\ftadd.c"
 Parameters:    Size  Location     Type
  f1              3   32[BANK0 ] float 
  f2              3   35[BANK0 ] float 
 Auto vars:     Size  Location     Type
  exp1            1   44[BANK0 ] unsigned char 
  exp2            1   43[BANK0 ] unsigned char 
  sign            1   42[BANK0 ] unsigned char 
 Return value:  Size  Location     Type
                  3   32[BANK0 ] float 
 Registers used:
		wreg, status,2, status,0, pclath, cstack
 Tracked objects:
		On entry : 
		On exit  : 
		Unchanged: 
 Data sizes:     COMMON   BANK0   BANK1   BANK3   BANK2
      Params:         0       6       0       0       0
      Locals:         0       3       0       0       0
      Temps:          0       4       0       0       0
      Totals:         0      13       0       0       0
Total ram usage:       13 bytes
 Hardware stack levels used:    1
 Hardware stack levels required when called:    1
 This function calls:
		___ftpack
 This function is called by:
		_main
		___ftsub
		_floor
		_log
		_eval_poly
 This function uses a non-reentrant model


 *************** function ___ftdiv *****************
 Defined at:
		line 49 in file "C:\Program Files (x86)\Microchip\xc8\v1.33\sources\pic\ftdiv.c"
 Parameters:    Size  Location     Type
  f2              3    0[BANK0 ] float 
  f1              3    3[BANK0 ] float 
 Auto vars:     Size  Location     Type
  f3              3   11[BANK0 ] float 
  sign            1   15[BANK0 ] unsigned char 
  exp             1   14[BANK0 ] unsigned char 
  cntr            1   10[BANK0 ] unsigned char 
 Return value:  Size  Location     Type
                  3    0[BANK0 ] float 
 Registers used:
		wreg, status,2, status,0, pclath, cstack
 Tracked objects:
		On entry : 
		On exit  : 
		Unchanged: 
 Data sizes:     COMMON   BANK0   BANK1   BANK3   BANK2
      Params:         0       6       0       0       0
      Locals:         0       6       0       0       0
      Temps:          0       4       0       0       0
      Totals:         0      16       0       0       0
Total ram usage:       16 bytes
 Hardware stack levels used:    1
 Hardware stack levels required when called:    1
 This function calls:
		___ftpack
 This function is called by:
		_main
		_exp
 This function uses a non-reentrant model


 *************** function ___awtoft *****************
 Defined at:
		line 32 in file "C:\Program Files (x86)\Microchip\xc8\v1.33\sources\common\awtoft.c"
 Parameters:    Size  Location     Type
  c               2    8[COMMON] int 
 Auto vars:     Size  Location     Type
  sign            1   13[COMMON] unsigned char 
 Return value:  Size  Location     Type
                  3    8[COMMON] float 
 Registers used:
		wreg, status,2, status,0, pclath, cstack
 Tracked objects:
		On entry : 
		On exit  : 
		Unchanged: 
 Data sizes:     COMMON   BANK0   BANK1   BANK3   BANK2
      Params:         3       0       0       0       0
      Locals:         1       0       0       0       0
      Temps:          2       0       0       0       0
      Totals:         6       0       0       0       0
Total ram usage:        6 bytes
 Hardware stack levels used:    1
 Hardware stack levels required when called:    1
 This function calls:
		___ftpack
 This function is called by:
		_main
		_exp
		_log
 This function uses a non-reentrant model


 *************** function ___lltoft *****************
 Defined at:
		line 35 in file "C:\Program Files (x86)\Microchip\xc8\v1.33\sources\common\lltoft.c"
 Parameters:    Size  Location     Type
  c               4    8[COMMON] unsigned long 
 Auto vars:     Size  Location     Type
  exp             1   13[COMMON] unsigned char 
 Return value:  Size  Location     Type
                  3    8[COMMON] float 
 Registers used:
		wreg, status,2, status,0, pclath, cstack
 Tracked objects:
		On entry : 
		On exit  : 
		Unchanged: 
 Data sizes:     COMMON   BANK0   BANK1   BANK3   BANK2
      Params:         4       0       0       0       0
      Locals:         1       0       0       0       0
      Temps:          1       0       0       0       0
      Totals:         6       0       0       0       0
Total ram usage:        6 bytes
 Hardware stack levels used:    1
 Hardware stack levels required when called:    1
 This function calls:
		___ftpack
 This function is called by:
		_pow
 This function uses a non-reentrant model


 *************** function ___ftpack *****************
 Defined at:
		line 62 in file "C:\Program Files (x86)\Microchip\xc8\v1.33\sources\common\float.c"
 Parameters:    Size  Location     Type
  arg             3    0[COMMON] unsigned um
  exp             1    3[COMMON] unsigned char 
  sign            1    4[COMMON] unsigned char 
 Auto vars:     Size  Location     Type
		None
 Return value:  Size  Location     Type
                  3    0[COMMON] float 
 Registers used:
		wreg, status,2, status,0
 Tracked objects:
		On entry : 
		On exit  : 
		Unchanged: 
 Data sizes:     COMMON   BANK0   BANK1   BANK3   BANK2
      Params:         5       0       0       0       0
      Locals:         0       0       0       0       0
      Temps:          3       0       0       0       0
      Totals:         8       0       0       0       0
Total ram usage:        8 bytes
 Hardware stack levels used:    1
 This function calls:
		Nothing
 This function is called by:
		___altoft
		___awtoft
		___ftadd
		___ftdiv
		___ftmul
		___lltoft
 This function uses a non-reentrant model


 *************** function _init_I2C_Master *****************
 Defined at:
		line 235 in file "C:\Users\notjo\OneDrive\Desktop\USC\USC-Year3-Sem2\3201-EmbeddedSystems\Labs\LE_07\LE7-3\LE7-3.c"
 Parameters:    Size  Location     Type
		None
 Auto vars:     Size  Location     Type
		None
 Return value:  Size  Location     Type
		None               void
 Registers used:
		wreg, status,2
 Tracked objects:
		On entry : 
		On exit  : 
		Unchanged: 
 Data sizes:     COMMON   BANK0   BANK1   BANK3   BANK2
      Params:         0       0       0       0       0
      Locals:         0       0       0       0       0
      Temps:          0       0       0       0       0
      Totals:         0       0       0       0       0
Total ram usage:        0 bytes
 Hardware stack levels used:    1
 This function calls:
		Nothing
 This function is called by:
		_main
 This function uses a non-reentrant model


 *************** function _initLCD *****************
 Defined at:
		line 173 in file "C:\Users\notjo\OneDrive\Desktop\USC\USC-Year3-Sem2\3201-EmbeddedSystems\Labs\LE_07\LE7-3\LE7-3.c"
 Parameters:    Size  Location     Type
		None
 Auto vars:     Size  Location     Type
		None
 Return value:  Size  Location     Type
		None               void
 Registers used:
		wreg, status,2, status,0, btemp+1, pclath, cstack
 Tracked objects:
		On entry : 
		On exit  : 
		Unchanged: 
 Data sizes:     COMMON   BANK0   BANK1   BANK3   BANK2
      Params:         0       0       0       0       0
      Locals:         0       0       0       0       0
      Temps:          0       0       0       0       0
      Totals:         0       0       0       0       0
Total ram usage:        0 bytes
 Hardware stack levels used:    1
 Hardware stack levels required when called:    1
 This function calls:
		_instCtrl
 This function is called by:
		_main
 This function uses a non-reentrant model


 *************** function _instCtrl *****************
 Defined at:
		line 203 in file "C:\Users\notjo\OneDrive\Desktop\USC\USC-Year3-Sem2\3201-EmbeddedSystems\Labs\LE_07\LE7-3\LE7-3.c"
 Parameters:    Size  Location     Type
  inst            1    wreg     unsigned char 
 Auto vars:     Size  Location     Type
  inst            1    0[COMMON] unsigned char 
  i               2    1[COMMON] int 
 Return value:  Size  Location     Type
		None               void
 Registers used:
		wreg, status,2, btemp+1
 Tracked objects:
		On entry : 
		On exit  : 
		Unchanged: 
 Data sizes:     COMMON   BANK0   BANK1   BANK3   BANK2
      Params:         0       0       0       0       0
      Locals:         3       0       0       0       0
      Temps:          0       0       0       0       0
      Totals:         3       0       0       0       0
Total ram usage:        3 bytes
 Hardware stack levels used:    1
 This function calls:
		Nothing
 This function is called by:
		_updateDisplay
		_initLCD
 This function uses a non-reentrant model


 *************** function _I2C_Stop *****************
 Defined at:
		line 259 in file "C:\Users\notjo\OneDrive\Desktop\USC\USC-Year3-Sem2\3201-EmbeddedSystems\Labs\LE_07\LE7-3\LE7-3.c"
 Parameters:    Size  Location     Type
		None
 Auto vars:     Size  Location     Type
		None
 Return value:  Size  Location     Type
		None               void
 Registers used:
		wreg, status,2, status,0, pclath, cstack
 Tracked objects:
		On entry : 
		On exit  : 
		Unchanged: 
 Data sizes:     COMMON   BANK0   BANK1   BANK3   BANK2
      Params:         0       0       0       0       0
      Locals:         0       0       0       0       0
      Temps:          0       0       0       0       0
      Totals:         0       0       0       0       0
Total ram usage:        0 bytes
 Hardware stack levels used:    1
 Hardware stack levels required when called:    1
 This function calls:
		_I2C_Wait
 This function is called by:
		_main
 This function uses a non-reentrant model


 *************** function _I2C_Start *****************
 Defined at:
		line 252 in file "C:\Users\notjo\OneDrive\Desktop\USC\USC-Year3-Sem2\3201-EmbeddedSystems\Labs\LE_07\LE7-3\LE7-3.c"
 Parameters:    Size  Location     Type
		None
 Auto vars:     Size  Location     Type
		None
 Return value:  Size  Location     Type
		None               void
 Registers used:
		wreg, status,2, status,0, pclath, cstack
 Tracked objects:
		On entry : 
		On exit  : 
		Unchanged: 
 Data sizes:     COMMON   BANK0   BANK1   BANK3   BANK2
      Params:         0       0       0       0       0
      Locals:         0       0       0       0       0
      Temps:          0       0       0       0       0
      Totals:         0       0       0       0       0
Total ram usage:        0 bytes
 Hardware stack levels used:    1
 Hardware stack levels required when called:    1
 This function calls:
		_I2C_Wait
 This function is called by:
		_main
 This function uses a non-reentrant model


 *************** function _I2C_Send *****************
 Defined at:
		line 276 in file "C:\Users\notjo\OneDrive\Desktop\USC\USC-Year3-Sem2\3201-EmbeddedSystems\Labs\LE_07\LE7-3\LE7-3.c"
 Parameters:    Size  Location     Type
  data            1    wreg     unsigned char 
 Auto vars:     Size  Location     Type
  data            1    0[COMMON] unsigned char 
 Return value:  Size  Location     Type
		None               void
 Registers used:
		wreg, status,2, status,0, pclath, cstack
 Tracked objects:
		On entry : 
		On exit  : 
		Unchanged: 
 Data sizes:     COMMON   BANK0   BANK1   BANK3   BANK2
      Params:         0       0       0       0       0
      Locals:         1       0       0       0       0
      Temps:          0       0       0       0       0
      Totals:         1       0       0       0       0
Total ram usage:        1 bytes
 Hardware stack levels used:    1
 Hardware stack levels required when called:    1
 This function calls:
		_I2C_Wait
 This function is called by:
		_main
 This function uses a non-reentrant model


 *************** function _I2C_RepeatedStart *****************
 Defined at:
		line 268 in file "C:\Users\notjo\OneDrive\Desktop\USC\USC-Year3-Sem2\3201-EmbeddedSystems\Labs\LE_07\LE7-3\LE7-3.c"
 Parameters:    Size  Location     Type
		None
 Auto vars:     Size  Location     Type
		None
 Return value:  Size  Location     Type
		None               void
 Registers used:
		wreg, status,2, status,0, pclath, cstack
 Tracked objects:
		On entry : 
		On exit  : 
		Unchanged: 
 Data sizes:     COMMON   BANK0   BANK1   BANK3   BANK2
      Params:         0       0       0       0       0
      Locals:         0       0       0       0       0
      Temps:          0       0       0       0       0
      Totals:         0       0       0       0       0
Total ram usage:        0 bytes
 Hardware stack levels used:    1
 Hardware stack levels required when called:    1
 This function calls:
		_I2C_Wait
 This function is called by:
		_main
 This function uses a non-reentrant model


 *************** function _I2C_Receive *****************
 Defined at:
		line 284 in file "C:\Users\notjo\OneDrive\Desktop\USC\USC-Year3-Sem2\3201-EmbeddedSystems\Labs\LE_07\LE7-3\LE7-3.c"
 Parameters:    Size  Location     Type
  ack             1    wreg     unsigned char 
 Auto vars:     Size  Location     Type
  ack             1    1[COMMON] unsigned char 
  temp            1    2[COMMON] unsigned char 
 Return value:  Size  Location     Type
                  1    wreg      unsigned char 
 Registers used:
		wreg, status,2, status,0, pclath, cstack
 Tracked objects:
		On entry : 
		On exit  : 
		Unchanged: 
 Data sizes:     COMMON   BANK0   BANK1   BANK3   BANK2
      Params:         0       0       0       0       0
      Locals:         2       0       0       0       0
      Temps:          1       0       0       0       0
      Totals:         3       0       0       0       0
Total ram usage:        3 bytes
 Hardware stack levels used:    1
 Hardware stack levels required when called:    1
 This function calls:
		_I2C_Wait
 This function is called by:
		_main
 This function uses a non-reentrant model


 *************** function _I2C_Wait *****************
 Defined at:
		line 246 in file "C:\Users\notjo\OneDrive\Desktop\USC\USC-Year3-Sem2\3201-EmbeddedSystems\Labs\LE_07\LE7-3\LE7-3.c"
 Parameters:    Size  Location     Type
		None
 Auto vars:     Size  Location     Type
		None
 Return value:  Size  Location     Type
		None               void
 Registers used:
		wreg, status,2
 Tracked objects:
		On entry : 
		On exit  : 
		Unchanged: 
 Data sizes:     COMMON   BANK0   BANK1   BANK3   BANK2
      Params:         0       0       0       0       0
      Locals:         0       0       0       0       0
      Temps:          0       0       0       0       0
      Totals:         0       0       0       0       0
Total ram usage:        0 bytes
 Hardware stack levels used:    1
 This function calls:
		Nothing
 This function is called by:
		_I2C_Start
		_I2C_Stop
		_I2C_RepeatedStart
		_I2C_Send
		_I2C_Receive
 This function uses a non-reentrant model



MODULE INFORMATION

Module		Function		Class		Link	Load	Size
C:\Program Files (x86)\Microchip\xc8\v1.33\sources\common\ftneg.c
		___ftneg       		CODE           	08B0	0000	8

C:\Program Files (x86)\Microchip\xc8\v1.33\sources\common\ftneg.c estimated size: 8

C:\Program Files (x86)\Microchip\xc8\v1.33\sources\common\ftge.c
		___ftge        		CODE           	0AD4	0000	93

C:\Program Files (x86)\Microchip\xc8\v1.33\sources\common\ftge.c estimated size: 93

C:\Program Files (x86)\Microchip\xc8\v1.33\sources\common\doprnt.c
		_sprintf       		CODE           	00F7	0000	217

C:\Program Files (x86)\Microchip\xc8\v1.33\sources\common\doprnt.c estimated size: 217

C:\Program Files (x86)\Microchip\xc8\v1.33\sources\common\ftsub.c
		___ftsub       		CODE           	08E1	0000	28

C:\Program Files (x86)\Microchip\xc8\v1.33\sources\common\ftsub.c estimated size: 28

C:\Program Files (x86)\Microchip\xc8\v1.33\sources\common\float.c
		___ftpack      		CODE           	0B31	0000	104

C:\Program Files (x86)\Microchip\xc8\v1.33\sources\common\float.c estimated size: 104

C:\Program Files (x86)\Microchip\xc8\v1.33\sources\common\evalpoly.c
		_eval_poly     		CODE           	0B99	0000	121

C:\Program Files (x86)\Microchip\xc8\v1.33\sources\common\evalpoly.c estimated size: 121

C:\Program Files (x86)\Microchip\xc8\v1.33\sources\common\lwmod.c
		___lwmod       		CODE           	09E0	0000	52

C:\Program Files (x86)\Microchip\xc8\v1.33\sources\common\lwmod.c estimated size: 52

C:\Program Files (x86)\Microchip\xc8\v1.33\sources\common\log.c
		_log           		CODE           	0F30	0000	208

C:\Program Files (x86)\Microchip\xc8\v1.33\sources\common\log.c estimated size: 208

C:\Users\notjo\OneDrive\Desktop\USC\USC-Year3-Sem2\3201-EmbeddedSystems\Labs\LE_07\LE7-3\LE7-3.c
		_printString   		CODE           	091A	0000	35
		_I2C_RepeatedSt		CODE           	0893	0000	7
		_main          		CODE           	05B2	0000	578
		_instCtrl      		CODE           	0963	0000	41
		_dataCtrl      		CODE           	098C	0000	41
		_init_I2C_Maste		CODE           	08C1	0000	15
		_I2C_Stop      		CODE           	08A1	0000	7
		_I2C_Wait      		CODE           	08A8	0000	8
		_I2C_Send      		CODE           	08B8	0000	9
		_I2C_Start     		CODE           	089A	0000	7
		_initLCD       		CODE           	08FD	0000	29
		_I2C_Receive   		CODE           	093D	0000	38
		_updateDisplay 		CODE           	0DD2	0000	166

C:\Users\notjo\OneDrive\Desktop\USC\USC-Year3-Sem2\3201-EmbeddedSystems\Labs\LE_07\LE7-3\LE7-3.c estimated size: 981

C:\Program Files (x86)\Microchip\xc8\v1.33\sources\common\frexp.c
		_ldexp         		CODE           	0D39	0000	153
		_frexp         		CODE           	0A52	0000	64

C:\Program Files (x86)\Microchip\xc8\v1.33\sources\common\frexp.c estimated size: 217

C:\Program Files (x86)\Microchip\xc8\v1.33\sources\common\pow.c
		_pow           		CODE           	02D9	0000	340

C:\Program Files (x86)\Microchip\xc8\v1.33\sources\common\pow.c estimated size: 340

C:\Program Files (x86)\Microchip\xc8\v1.33\sources\common\floor.c
		_floor         		CODE           	0CA0	0000	153

C:\Program Files (x86)\Microchip\xc8\v1.33\sources\common\floor.c estimated size: 153

C:\Program Files (x86)\Microchip\xc8\v1.33\sources\common\ftmul.c
		___ftmul       		CODE           	0024	0000	211

C:\Program Files (x86)\Microchip\xc8\v1.33\sources\common\ftmul.c estimated size: 211

C:\Program Files (x86)\Microchip\xc8\v1.33\sources\common\lwdiv.c
		___lwdiv       		CODE           	0A14	0000	62

C:\Program Files (x86)\Microchip\xc8\v1.33\sources\common\lwdiv.c estimated size: 62

shared
		exp@coeff      		STRING         	081A	0000	30
		__stringtab    		STRING         	0800	0000	16
		__stringdata   		STRING         	0853	0000	33
		_dpowers       		STRING         	0810	0000	10
		__initializatio		CODE           	07F4	0000	8
		log@coeff      		STRING         	0838	0000	27

shared estimated size: 124

C:\Program Files (x86)\Microchip\xc8\v1.33\sources\common\Umul8.c
		___bmul        		CODE           	08D0	0000	17

C:\Program Files (x86)\Microchip\xc8\v1.33\sources\common\Umul8.c estimated size: 17

C:\Program Files (x86)\Microchip\xc8\v1.33\sources\common\fttol.c
		___fttol       		CODE           	0C12	0000	142

C:\Program Files (x86)\Microchip\xc8\v1.33\sources\common\fttol.c estimated size: 142

C:\Program Files (x86)\Microchip\xc8\v1.33\sources\common\awtoft.c
		___awtoft      		CODE           	0003	0000	33

C:\Program Files (x86)\Microchip\xc8\v1.33\sources\common\awtoft.c estimated size: 33

C:\Program Files (x86)\Microchip\xc8\v1.33\sources\common\altoft.c
		___altoft      		CODE           	0A92	0000	66

C:\Program Files (x86)\Microchip\xc8\v1.33\sources\common\altoft.c estimated size: 66

C:\Program Files (x86)\Microchip\xc8\v1.33\sources\common\ftadd.c
		___ftadd       		CODE           	01D0	0000	265

C:\Program Files (x86)\Microchip\xc8\v1.33\sources\common\ftadd.c estimated size: 265

C:\Program Files (x86)\Microchip\xc8\v1.33\sources\pic\ftdiv.c
		___ftdiv       		CODE           	0E78	0000	184

C:\Program Files (x86)\Microchip\xc8\v1.33\sources\pic\ftdiv.c estimated size: 184

C:\Program Files (x86)\Microchip\xc8\v1.33\sources\common\lltoft.c
		___lltoft      		CODE           	09B5	0000	43

C:\Program Files (x86)\Microchip\xc8\v1.33\sources\common\lltoft.c estimated size: 43

C:\Program Files (x86)\Microchip\xc8\v1.33\sources\common\exp.c
		_exp           		CODE           	042D	0000	389

C:\Program Files (x86)\Microchip\xc8\v1.33\sources\common\exp.c estimated size: 389

