

Microchip Technology PIC LITE Macro Assembler V1.33 build 59893 
                                                                                               Fri Feb 09 15:31:29 2024

Microchip Technology Omniscient Code Generator (Lite mode) build 59893
     1                           	processor	16F877A
     2                           	opt	pw 120
     3                           	opt	lm
     4                           	psect	text0,local,class=CODE,merge=1,delta=2
     5                           	psect	cinit,global,class=CODE,merge=1,delta=2
     6                           	psect	cstackCOMMON,global,class=COMMON,space=1,delta=1
     7                           	psect	maintext,global,class=CODE,split=1,delta=2
     8                           	psect	text1,local,class=CODE,merge=1,delta=2
     9                           	psect	intentry,global,class=CODE,delta=2
    10                           	dabs	1,0x7E,2
    11  0000                     	;# 
    12  0001                     	;# 
    13  0002                     	;# 
    14  0003                     	;# 
    15  0004                     	;# 
    16  0005                     	;# 
    17  0006                     	;# 
    18  0007                     	;# 
    19  0008                     	;# 
    20  0009                     	;# 
    21  000A                     	;# 
    22  000B                     	;# 
    23  000C                     	;# 
    24  000D                     	;# 
    25  000E                     	;# 
    26  000E                     	;# 
    27  000F                     	;# 
    28  0010                     	;# 
    29  0011                     	;# 
    30  0012                     	;# 
    31  0013                     	;# 
    32  0014                     	;# 
    33  0015                     	;# 
    34  0015                     	;# 
    35  0016                     	;# 
    36  0017                     	;# 
    37  0018                     	;# 
    38  0019                     	;# 
    39  001A                     	;# 
    40  001B                     	;# 
    41  001B                     	;# 
    42  001C                     	;# 
    43  001D                     	;# 
    44  001E                     	;# 
    45  001F                     	;# 
    46  0081                     	;# 
    47  0085                     	;# 
    48  0086                     	;# 
    49  0087                     	;# 
    50  0088                     	;# 
    51  0089                     	;# 
    52  008C                     	;# 
    53  008D                     	;# 
    54  008E                     	;# 
    55  0091                     	;# 
    56  0092                     	;# 
    57  0093                     	;# 
    58  0094                     	;# 
    59  0098                     	;# 
    60  0099                     	;# 
    61  009C                     	;# 
    62  009D                     	;# 
    63  009E                     	;# 
    64  009F                     	;# 
    65  010C                     	;# 
    66  010D                     	;# 
    67  010E                     	;# 
    68  010F                     	;# 
    69  018C                     	;# 
    70  018D                     	;# 
    71  0007                     _PORTC	set	7
    72  005F                     _GIE	set	95
    73  005C                     _INTE	set	92
    74  0059                     _INTF	set	89
    75  005E                     _PEIE	set	94
    76  005B                     _RBIE	set	91
    77  0058                     _RBIF	set	88
    78  005D                     _TMR0IE	set	93
    79  005A                     _TMR0IF	set	90
    80  0086                     _TRISB	set	134
    81  0087                     _TRISC	set	135
    82  0088                     _TRISD	set	136
    83                           
    84                           	psect	text0
    85  0000                     __ptext0:	
    86                           ; #config settings
    87                           
    88                           
    89                           ;psect for function _ISR
    90  0000                     
    91                           	psect	cinit
    92  0015                     start_initialization:	
    93  0015                     __initialization:	
    94  0015                     end_of_initialization:	
    95                           ;End of C runtime variable initialization code
    96                           
    97  0015                     __end_of__initialization:	
    98  0015  0183               	clrf	3
    99  0016  120A  118A  2819   	ljmp	_main	;jump to C main() function
   100                           
   101                           	psect	cstackCOMMON
   102  0070                     __pcstackCOMMON:	
   103  0070                     ?_ISR:	
   104  0070                     ??_ISR:	
   105                           ; 0 bytes @ 0x0
   106                           
   107  0070                     ?_main:	
   108                           ; 0 bytes @ 0x0
   109                           
   110                           
   111                           ; 0 bytes @ 0x0
   112  0070                     	ds	4
   113  0074                     ??_main:	
   114                           
   115                           	psect	maintext
   116  0019                     __pmaintext:	
   117                           ; 0 bytes @ 0x4
   118 ;;
   119 ;;Main: autosize = 0, tempsize = 0, incstack = 0, save=0
   120 ;;
   121 ;; *************** function _main *****************
   122 ;; Defined at:
   123 ;;		line 52 in file "C:\Users\notjo\OneDrive\Desktop\USC\USC-Year3-Sem2\3201-EmbeddedSystems\Labs\LE_03\LE3-1\LE3-1.c"
   124 ;; Parameters:    Size  Location     Type
   125 ;;		None
   126 ;; Auto vars:     Size  Location     Type
   127 ;;		None
   128 ;; Return value:  Size  Location     Type
   129 ;;		None               void
   130 ;; Registers used:
   131 ;;		wreg, status,2
   132 ;; Tracked objects:
   133 ;;		On entry : 17F/0
   134 ;;		On exit  : 0/0
   135 ;;		Unchanged: 0/0
   136 ;; Data sizes:     COMMON   BANK0   BANK1   BANK3   BANK2
   137 ;;      Params:         0       0       0       0       0
   138 ;;      Locals:         0       0       0       0       0
   139 ;;      Temps:          0       0       0       0       0
   140 ;;      Totals:         0       0       0       0       0
   141 ;;Total ram usage:        0 bytes
   142 ;; Hardware stack levels required when called:    1
   143 ;; This function calls:
   144 ;;		Nothing
   145 ;; This function is called by:
   146 ;;		Startup code after reset
   147 ;; This function uses a non-reentrant model
   148 ;;
   149                           
   150                           
   151                           ;psect for function _main
   152  0019                     _main:	
   153                           
   154                           ;LE3-1.c: 55: GIE = 1;
   155                           
   156                           ;incstack = 0
   157                           ; Regs used in _main: [wreg+status,2]
   158  0019  178B               	bsf	11,7	;volatile
   159                           
   160                           ;LE3-1.c: 56: PEIE = 1;
   161  001A  170B               	bsf	11,6	;volatile
   162                           
   163                           ;LE3-1.c: 57: INTE = 1;
   164  001B  160B               	bsf	11,4	;volatile
   165                           
   166                           ;LE3-1.c: 58: RBIE = 0;
   167  001C  118B               	bcf	11,3	;volatile
   168                           
   169                           ;LE3-1.c: 59: TMR0IE = 1;
   170  001D  168B               	bsf	11,5	;volatile
   171                           
   172                           ;LE3-1.c: 60: TMR0IF = 0;
   173  001E  110B               	bcf	11,2	;volatile
   174                           
   175                           ;LE3-1.c: 61: INTF = 0;
   176  001F  108B               	bcf	11,1	;volatile
   177                           
   178                           ;LE3-1.c: 62: RBIF = 0;
   179  0020  100B               	bcf	11,0	;volatile
   180                           
   181                           ;LE3-1.c: 65: TRISB = 0x01;
   182  0021  3001               	movlw	1
   183  0022  1683               	bsf	3,5	;RP0=1, select bank1
   184  0023  1303               	bcf	3,6	;RP1=0, select bank1
   185  0024  0086               	movwf	6	;volatile
   186                           
   187                           ;LE3-1.c: 66: TRISC = 0x00;
   188  0025  0187               	clrf	7	;volatile
   189                           
   190                           ;LE3-1.c: 67: TRISD = 0xFF;
   191  0026  30FF               	movlw	255
   192  0027  0088               	movwf	8	;volatile
   193                           
   194                           ;LE3-1.c: 70: PORTC = 0x00;
   195  0028  1283               	bcf	3,5	;RP0=0, select bank0
   196  0029  1303               	bcf	3,6	;RP1=0, select bank0
   197  002A  0187               	clrf	7	;volatile
   198  002B                     l36:	
   199                           ;LE3-1.c: 72: while (1)
   200                           
   201                           
   202                           ;LE3-1.c: 73: {
   203  002B  282B               	goto	l36
   204  002C                     __end_of_main:	
   205                           
   206                           	psect	text1
   207  002C                     __ptext1:	
   208 ;; *************** function _ISR *****************
   209 ;; Defined at:
   210 ;;		line 42 in file "C:\Users\notjo\OneDrive\Desktop\USC\USC-Year3-Sem2\3201-EmbeddedSystems\Labs\LE_03\LE3-1\LE3-1.c"
   211 ;; Parameters:    Size  Location     Type
   212 ;;		None
   213 ;; Auto vars:     Size  Location     Type
   214 ;;		None
   215 ;; Return value:  Size  Location     Type
   216 ;;		None               void
   217 ;; Registers used:
   218 ;;		None
   219 ;; Tracked objects:
   220 ;;		On entry : 0/0
   221 ;;		On exit  : 0/0
   222 ;;		Unchanged: 0/0
   223 ;; Data sizes:     COMMON   BANK0   BANK1   BANK3   BANK2
   224 ;;      Params:         0       0       0       0       0
   225 ;;      Locals:         0       0       0       0       0
   226 ;;      Temps:          4       0       0       0       0
   227 ;;      Totals:         4       0       0       0       0
   228 ;;Total ram usage:        4 bytes
   229 ;; Hardware stack levels used:    1
   230 ;; This function calls:
   231 ;;		Nothing
   232 ;; This function is called by:
   233 ;;		Interrupt level 1
   234 ;; This function uses a non-reentrant model
   235 ;;
   236                           
   237                           
   238                           ;psect for function _ISR
   239  002C                     _ISR:	
   240                           
   241                           ;LE3-1.c: 44: GIE = 0;
   242  002C  138B               	bcf	11,7	;volatile
   243                           
   244                           ;LE3-1.c: 45: if(INTF == 1)
   245  002D  1C8B               	btfss	11,1	;volatile
   246  002E  2831               	goto	i1l33
   247                           
   248                           ;LE3-1.c: 46: {
   249                           ;LE3-1.c: 47: INTF = 0;
   250  002F  108B               	bcf	11,1	;volatile
   251                           
   252                           ;LE3-1.c: 48: GIE = 1;
   253  0030  178B               	bsf	11,7	;volatile
   254  0031                     i1l33:	
   255  0031  0873               	movf	??_ISR+3,w
   256  0032  00FF               	movwf	127
   257  0033  0872               	movf	??_ISR+2,w
   258  0034  008A               	movwf	10
   259  0035  0871               	movf	??_ISR+1,w
   260  0036  0084               	movwf	4
   261  0037  0E70               	swapf	??_ISR^(0+-128),w
   262  0038  0083               	movwf	3
   263  0039  0EFE               	swapf	126,f
   264  003A  0E7E               	swapf	126,w
   265  003B  0009               	retfie
   266  003C                     __end_of_ISR:	
   267  007E                     btemp	set	126	;btemp
   268  007E                     wtemp	set	126
   269  007E                     wtemp0	set	126
   270  0080                     wtemp1	set	128
   271  0082                     wtemp2	set	130
   272  0084                     wtemp3	set	132
   273  0086                     wtemp4	set	134
   274  0088                     wtemp5	set	136
   275  007F                     wtemp6	set	127
   276  007E                     ttemp	set	126
   277  007E                     ttemp0	set	126
   278  0081                     ttemp1	set	129
   279  0084                     ttemp2	set	132
   280  0087                     ttemp3	set	135
   281  007F                     ttemp4	set	127
   282  007E                     ltemp	set	126
   283  007E                     ltemp0	set	126
   284  0082                     ltemp1	set	130
   285  0086                     ltemp2	set	134
   286  0080                     ltemp3	set	128
   287                           
   288                           	psect	intentry
   289  0004                     __pintentry:	
   290                           ;incstack = 0
   291                           ; Regs used in _ISR: []
   292                           
   293  0004                     interrupt_function:	
   294  007E                     saved_w	set	btemp
   295  0004  00FE               	movwf	btemp
   296  0005  0E03               	swapf	3,w
   297  0006  00F0               	movwf	??_ISR
   298  0007  0804               	movf	4,w
   299  0008  00F1               	movwf	??_ISR+1
   300  0009  080A               	movf	10,w
   301  000A  00F2               	movwf	??_ISR+2
   302  000B  1283               	bcf	3,5	;RP0=0, select bank0
   303  000C  1303               	bcf	3,6	;RP1=0, select bank0
   304  000D  087F               	movf	btemp+1,w
   305  000E  00F3               	movwf	??_ISR+3
   306  000F  120A  118A  282C   	ljmp	_ISR


Data Sizes:
    Strings     0
    Constant    0
    Data        0
    BSS         0
    Persistent  0
    Stack       0

Auto Spaces:
    Space          Size  Autos    Used
    COMMON           14      4       4
    BANK0            80      0       0
    BANK1            80      0       0
    BANK3            96      0       0
    BANK2            96      0       0

Pointer List with Targets:

    None.

Critical Paths under _main in COMMON

    None.

Critical Paths under _ISR in COMMON

    None.

Critical Paths under _main in BANK0

    None.

Critical Paths under _ISR in BANK0

    None.

Critical Paths under _main in BANK1

    None.

Critical Paths under _ISR in BANK1

    None.

Critical Paths under _main in BANK3

    None.

Critical Paths under _ISR in BANK3

    None.

Critical Paths under _main in BANK2

    None.

Critical Paths under _ISR in BANK2

    None.

Call Graph Tables:

 ---------------------------------------------------------------------------------
 (Depth) Function   	        Calls       Base Space   Used Autos Params    Refs
 ---------------------------------------------------------------------------------
 (0) _main                                                 0     0      0       0
 ---------------------------------------------------------------------------------
 Estimated maximum stack depth 0
 ---------------------------------------------------------------------------------
 (Depth) Function   	        Calls       Base Space   Used Autos Params    Refs
 ---------------------------------------------------------------------------------
 (1) _ISR                                                  4     4      0       0
                                              0 COMMON     4     4      0
 ---------------------------------------------------------------------------------
 Estimated maximum stack depth 1
 ---------------------------------------------------------------------------------

 Call Graph Graphs:

 _main (ROOT)

 _ISR (ROOT)

 Address spaces:
Name               Size   Autos  Total    Cost      Usage
BITCOMMON            E      0       0       0        0.0%
EEDATA             100      0       0       0        0.0%
NULL                 0      0       0       0        0.0%
CODE                 0      0       0       0        0.0%
COMMON               E      4       4       1       28.6%
BITSFR0              0      0       0       1        0.0%
SFR0                 0      0       0       1        0.0%
BITSFR1              0      0       0       2        0.0%
SFR1                 0      0       0       2        0.0%
STACK                0      0       0       2        0.0%
ABS                  0      0       0       3        0.0%
BITBANK0            50      0       0       4        0.0%
BITSFR3              0      0       0       4        0.0%
SFR3                 0      0       0       4        0.0%
BANK0               50      0       0       5        0.0%
BITSFR2              0      0       0       5        0.0%
SFR2                 0      0       0       5        0.0%
BITBANK1            50      0       0       6        0.0%
BANK1               50      0       0       7        0.0%
BITBANK3            60      0       0       8        0.0%
BANK3               60      0       0       9        0.0%
BITBANK2            60      0       0      10        0.0%
BANK2               60      0       0      11        0.0%
DATA                 0      0       0      12        0.0%


Microchip Technology PIC Macro Assembler V1.33 build 59893 
Symbol Table                                                                                   Fri Feb 09 15:31:29 2024

            __CFG_CP$OFF 0000                       l36 002B                      _GIE 005F  
           __CFG_CPD$OFF 0000                      _ISR 002C                      fsr0 0004  
           __CFG_FOSC$XT 0000             __CFG_LVP$OFF 0000                     ?_ISR 0070  
                   _PEIE 005E                     _INTE 005C                     _INTF 0059  
                   _RBIE 005B                     _RBIF 0058                     i1l33 0031  
           __CFG_WRT$OFF 0000                     _main 0019                     btemp 007E  
          __CFG_BOREN$ON 0000                     ltemp 007E                     start 0012  
                   ttemp 007E                     wtemp 007E                    ??_ISR 0070  
                  ?_main 0070            __CFG_WDTE$OFF 0000                    _PORTC 0007  
                  _TRISB 0086                    _TRISC 0087                    _TRISD 0088  
          __CFG_PWRTE$ON 0000                    pclath 000A                    ltemp0 007E  
                  ltemp1 0082                    ltemp2 0086                    ltemp3 0080  
                  ttemp0 007E                    ttemp1 0081                    ttemp2 0084  
                  ttemp3 0087                    ttemp4 007F                    status 0003  
                  wtemp0 007E                    wtemp1 0080                    wtemp2 0082  
                  wtemp3 0084                    wtemp4 0086                    wtemp5 0088  
                  wtemp6 007F          __initialization 0015             __end_of_main 002C  
                 ??_main 0074                   _TMR0IE 005D                   _TMR0IF 005A  
                 saved_w 007E  __end_of__initialization 0015           __pcstackCOMMON 0070  
             __pmaintext 0019               __pintentry 0004                  __ptext0 0000  
                __ptext1 002C             __size_of_ISR 0010     end_of_initialization 0015  
    start_initialization 0015              __end_of_ISR 003C                ___latbits 0002  
      interrupt_function 0004            __size_of_main 0013                 intlevel1 0000  
