

Microchip Technology PIC LITE Macro Assembler V1.33 build 59893 
                                                                                               Wed Mar 06 10:55:05 2024

Microchip Technology Omniscient Code Generator (Lite mode) build 59893
     1                           	processor	16F877A
     2                           	opt	pw 120
     3                           	opt	lm
     4                           	psect	maintext,global,class=CODE,split=1,delta=2
     5                           	psect	cinit,global,class=CODE,merge=1,delta=2
     6                           	psect	cstackCOMMON,global,class=COMMON,space=1,delta=1
     7                           	dabs	1,0x7E,2
     8  0000                     	;# 
     9  0001                     	;# 
    10  0002                     	;# 
    11  0003                     	;# 
    12  0004                     	;# 
    13  0005                     	;# 
    14  0006                     	;# 
    15  0007                     	;# 
    16  0008                     	;# 
    17  0009                     	;# 
    18  000A                     	;# 
    19  000B                     	;# 
    20  000C                     	;# 
    21  000D                     	;# 
    22  000E                     	;# 
    23  000E                     	;# 
    24  000F                     	;# 
    25  0010                     	;# 
    26  0011                     	;# 
    27  0012                     	;# 
    28  0013                     	;# 
    29  0014                     	;# 
    30  0015                     	;# 
    31  0015                     	;# 
    32  0016                     	;# 
    33  0017                     	;# 
    34  0018                     	;# 
    35  0019                     	;# 
    36  001A                     	;# 
    37  001B                     	;# 
    38  001B                     	;# 
    39  001C                     	;# 
    40  001D                     	;# 
    41  001E                     	;# 
    42  001F                     	;# 
    43  0081                     	;# 
    44  0085                     	;# 
    45  0086                     	;# 
    46  0087                     	;# 
    47  0088                     	;# 
    48  0089                     	;# 
    49  008C                     	;# 
    50  008D                     	;# 
    51  008E                     	;# 
    52  0091                     	;# 
    53  0092                     	;# 
    54  0093                     	;# 
    55  0094                     	;# 
    56  0098                     	;# 
    57  0099                     	;# 
    58  009C                     	;# 
    59  009D                     	;# 
    60  009E                     	;# 
    61  009F                     	;# 
    62  010C                     	;# 
    63  010D                     	;# 
    64  010E                     	;# 
    65  010F                     	;# 
    66  018C                     	;# 
    67  018D                     	;# 
    68  0017                     _CCP1CON	set	23
    69  0015                     _CCPR1L	set	21
    70  0012                     _T2CON	set	18
    71  003A                     _RC2	set	58
    72  0092                     _PR2	set	146
    73  0087                     _TRISC	set	135
    74                           
    75                           	psect	maintext
    76  07E9                     __pmaintext:	
    77                           ; #config settings
    78                           
    79                           
    80                           ;psect for function _main
    81  0000                     
    82                           ; 0 bytes @ 0x0
    83 ;;
    84 ;;Main: autosize = 0, tempsize = 0, incstack = 0, save=0
    85 ;;
    86 ;; *************** function _main *****************
    87 ;; Defined at:
    88 ;;		line 61 in file "C:\Users\notjo\OneDrive\Desktop\USC\USC-Year3-Sem2\3201-EmbeddedSystems\Labs\LE_04\LE4-5\LE4-5.c"
    89 ;; Parameters:    Size  Location     Type
    90 ;;		None
    91 ;; Auto vars:     Size  Location     Type
    92 ;;		None
    93 ;; Return value:  Size  Location     Type
    94 ;;		None               void
    95 ;; Registers used:
    96 ;;		wreg, status,2
    97 ;; Tracked objects:
    98 ;;		On entry : 17F/0
    99 ;;		On exit  : 0/0
   100 ;;		Unchanged: 0/0
   101 ;; Data sizes:     COMMON   BANK0   BANK1   BANK3   BANK2
   102 ;;      Params:         0       0       0       0       0
   103 ;;      Locals:         0       0       0       0       0
   104 ;;      Temps:          0       0       0       0       0
   105 ;;      Totals:         0       0       0       0       0
   106 ;;Total ram usage:        0 bytes
   107 ;; This function calls:
   108 ;;		Nothing
   109 ;; This function is called by:
   110 ;;		Startup code after reset
   111 ;; This function uses a non-reentrant model
   112 ;;
   113  07E9                     _main:	
   114                           
   115                           ;LE4-5.c: 64: PR2 = 0x7C;
   116                           
   117                           ;incstack = 0
   118                           ; Regs used in _main: [wreg+status,2]
   119  07E9  307C               	movlw	124
   120  07EA  1683               	bsf	3,5	;RP0=1, select bank1
   121  07EB  1303               	bcf	3,6	;RP1=0, select bank1
   122  07EC  0092               	movwf	18	;volatile
   123                           
   124                           ;LE4-5.c: 65: CCPR1L = 0x57;
   125  07ED  3057               	movlw	87
   126  07EE  1283               	bcf	3,5	;RP0=0, select bank0
   127  07EF  1303               	bcf	3,6	;RP1=0, select bank0
   128  07F0  0095               	movwf	21	;volatile
   129                           
   130                           ;LE4-5.c: 66: CCP1CON = 0x2C;
   131  07F1  302C               	movlw	44
   132  07F2  0097               	movwf	23	;volatile
   133                           
   134                           ;LE4-5.c: 67: TRISC = 0x00;
   135  07F3  1683               	bsf	3,5	;RP0=1, select bank1
   136  07F4  1303               	bcf	3,6	;RP1=0, select bank1
   137  07F5  0187               	clrf	7	;volatile
   138                           
   139                           ;LE4-5.c: 68: RC2 = 0;
   140  07F6  1283               	bcf	3,5	;RP0=0, select bank0
   141  07F7  1303               	bcf	3,6	;RP1=0, select bank0
   142  07F8  1107               	bcf	7,2	;volatile
   143                           
   144                           ;LE4-5.c: 69: T2CON = 0x06;
   145  07F9  3006               	movlw	6
   146  07FA  0092               	movwf	18	;volatile
   147  07FB                     l15:	
   148                           ;LE4-5.c: 70: for(;;)
   149                           
   150                           
   151                           ;LE4-5.c: 71: {
   152                           ;LE4-5.c: 72: }
   153  07FB  2FFB               	goto	l15
   154  07FC                     __end_of_main:	
   155  007E                     btemp	set	126	;btemp
   156  007E                     wtemp	set	126
   157  007E                     wtemp0	set	126
   158  0080                     wtemp1	set	128
   159  0082                     wtemp2	set	130
   160  0084                     wtemp3	set	132
   161  0086                     wtemp4	set	134
   162  0088                     wtemp5	set	136
   163  007F                     wtemp6	set	127
   164  007E                     ttemp	set	126
   165  007E                     ttemp0	set	126
   166  0081                     ttemp1	set	129
   167  0084                     ttemp2	set	132
   168  0087                     ttemp3	set	135
   169  007F                     ttemp4	set	127
   170  007E                     ltemp	set	126
   171  007E                     ltemp0	set	126
   172  0082                     ltemp1	set	130
   173  0086                     ltemp2	set	134
   174  0080                     ltemp3	set	128
   175                           
   176                           	psect	cinit
   177  07FC                     start_initialization:	
   178  07FC                     __initialization:	
   179  07FC                     end_of_initialization:	
   180                           ;End of C runtime variable initialization code
   181                           
   182  07FC                     __end_of__initialization:	
   183  07FC  0183               	clrf	3
   184  07FD  120A  118A  2FE9   	ljmp	_main	;jump to C main() function
   185                           
   186                           	psect	cstackCOMMON
   187  0000                     __pcstackCOMMON:	
   188  0000                     ?_main:	
   189  0000                     ??_main:	
   190                           ; 0 bytes @ 0x0
   191                           


Data Sizes:
    Strings     0
    Constant    0
    Data        0
    BSS         0
    Persistent  0
    Stack       0

Auto Spaces:
    Space          Size  Autos    Used
    COMMON           14      0       0
    BANK0            80      0       0
    BANK1            80      0       0
    BANK3            96      0       0
    BANK2            96      0       0

Pointer List with Targets:

    None.

Critical Paths under _main in COMMON

    None.

Critical Paths under _main in BANK0

    None.

Critical Paths under _main in BANK1

    None.

Critical Paths under _main in BANK3

    None.

Critical Paths under _main in BANK2

    None.

Call Graph Tables:

 ---------------------------------------------------------------------------------
 (Depth) Function   	        Calls       Base Space   Used Autos Params    Refs
 ---------------------------------------------------------------------------------
 (0) _main                                                 0     0      0       0
 ---------------------------------------------------------------------------------
 Estimated maximum stack depth 0
 ---------------------------------------------------------------------------------

 Call Graph Graphs:

 _main (ROOT)

 Address spaces:
Name               Size   Autos  Total    Cost      Usage
BITCOMMON            E      0       0       0        0.0%
EEDATA             100      0       0       0        0.0%
NULL                 0      0       0       0        0.0%
CODE                 0      0       0       0        0.0%
COMMON               E      0       0       1        0.0%
BITSFR0              0      0       0       1        0.0%
SFR0                 0      0       0       1        0.0%
BITSFR1              0      0       0       2        0.0%
SFR1                 0      0       0       2        0.0%
STACK                0      0       0       2        0.0%
ABS                  0      0       0       3        0.0%
BITBANK0            50      0       0       4        0.0%
BITSFR3              0      0       0       4        0.0%
SFR3                 0      0       0       4        0.0%
BANK0               50      0       0       5        0.0%
BITSFR2              0      0       0       5        0.0%
SFR2                 0      0       0       5        0.0%
BITBANK1            50      0       0       6        0.0%
BANK1               50      0       0       7        0.0%
BITBANK3            60      0       0       8        0.0%
BANK3               60      0       0       9        0.0%
BITBANK2            60      0       0      10        0.0%
BANK2               60      0       0      11        0.0%
DATA                 0      0       0      12        0.0%


Microchip Technology PIC Macro Assembler V1.33 build 59893 
Symbol Table                                                                                   Wed Mar 06 10:55:05 2024

            __CFG_CP$OFF 0000                       l15 07FB                      _RC2 003A  
                    _PR2 0092             __CFG_CPD$OFF 0000             __CFG_FOSC$XT 0000  
           __CFG_LVP$OFF 0000             __CFG_WRT$OFF 0000                     _main 07E9  
                   btemp 007E            __CFG_BOREN$ON 0000                     ltemp 007E  
                   start 0000                     ttemp 007E                     wtemp 007E  
                  ?_main 0000            __CFG_WDTE$OFF 0000                    _T2CON 0012  
                  _TRISC 0087            __CFG_PWRTE$ON 0000                    ltemp0 007E  
                  ltemp1 0082                    ltemp2 0086                    ltemp3 0080  
                  ttemp0 007E                    ttemp1 0081                    ttemp2 0084  
                  ttemp3 0087                    ttemp4 007F                    status 0003  
                  wtemp0 007E                    wtemp1 0080                    wtemp2 0082  
                  wtemp3 0084                    wtemp4 0086                    wtemp5 0088  
                  wtemp6 007F          __initialization 07FC             __end_of_main 07FC  
                 ??_main 0000                   _CCPR1L 0015  __end_of__initialization 07FC  
         __pcstackCOMMON 0000               __pmaintext 07E9                  _CCP1CON 0017  
   end_of_initialization 07FC      start_initialization 07FC                ___latbits 0002  
          __size_of_main 0013  
